Archive member included because of file (symbol)

c:/freescale/kds_v3/toolchain/bin/../lib/gcc/arm-none-eabi/4.8.4/armv7e-m/fpu\libgcc.a(_aeabi_ldivmod.o)
                              ./Generated_Code/UTIL1.o (__aeabi_ldivmod)
c:/freescale/kds_v3/toolchain/bin/../lib/gcc/arm-none-eabi/4.8.4/armv7e-m/fpu\libgcc.a(_aeabi_uldivmod.o)
                              ./Generated_Code/XF1.o (__aeabi_uldivmod)
c:/freescale/kds_v3/toolchain/bin/../lib/gcc/arm-none-eabi/4.8.4/armv7e-m/fpu\libgcc.a(bpabi.o)
                              c:/freescale/kds_v3/toolchain/bin/../lib/gcc/arm-none-eabi/4.8.4/armv7e-m/fpu\libgcc.a(_aeabi_ldivmod.o) (__gnu_ldivmod_helper)
c:/freescale/kds_v3/toolchain/bin/../lib/gcc/arm-none-eabi/4.8.4/armv7e-m/fpu\libgcc.a(_dvmd_tls.o)
                              c:/freescale/kds_v3/toolchain/bin/../lib/gcc/arm-none-eabi/4.8.4/armv7e-m/fpu\libgcc.a(_aeabi_ldivmod.o) (__aeabi_ldiv0)
c:/freescale/kds_v3/toolchain/bin/../lib/gcc/arm-none-eabi/4.8.4/armv7e-m/fpu\libgcc.a(_divdi3.o)
                              c:/freescale/kds_v3/toolchain/bin/../lib/gcc/arm-none-eabi/4.8.4/armv7e-m/fpu\libgcc.a(bpabi.o) (__divdi3)
c:/freescale/kds_v3/toolchain/bin/../lib/gcc/arm-none-eabi/4.8.4/armv7e-m/fpu\libgcc.a(_udivdi3.o)
                              c:/freescale/kds_v3/toolchain/bin/../lib/gcc/arm-none-eabi/4.8.4/armv7e-m/fpu\libgcc.a(bpabi.o) (__udivdi3)
c:/freescale/kds_v3/toolchain/bin/../lib/gcc/arm-none-eabi/4.8.4/../../../../arm-none-eabi/lib/armv7e-m/fpu\libg_s.a(lib_a-exit.o)
                              c:/freescale/kds_v3/toolchain/bin/../lib/gcc/arm-none-eabi/4.8.4/../../../../arm-none-eabi/lib/armv7e-m/fpu/crt0.o (exit)
c:/freescale/kds_v3/toolchain/bin/../lib/gcc/arm-none-eabi/4.8.4/../../../../arm-none-eabi/lib/armv7e-m/fpu\libg_s.a(lib_a-impure.o)
                              c:/freescale/kds_v3/toolchain/bin/../lib/gcc/arm-none-eabi/4.8.4/../../../../arm-none-eabi/lib/armv7e-m/fpu\libg_s.a(lib_a-exit.o) (_global_impure_ptr)
c:/freescale/kds_v3/toolchain/bin/../lib/gcc/arm-none-eabi/4.8.4/../../../../arm-none-eabi/lib/armv7e-m/fpu\libg_s.a(lib_a-init.o)
                              c:/freescale/kds_v3/toolchain/bin/../lib/gcc/arm-none-eabi/4.8.4/../../../../arm-none-eabi/lib/armv7e-m/fpu/crt0.o (__libc_init_array)
c:/freescale/kds_v3/toolchain/bin/../lib/gcc/arm-none-eabi/4.8.4/../../../../arm-none-eabi/lib/armv7e-m/fpu\libg_s.a(lib_a-memcpy-stub.o)
                              ./Generated_Code/queue.o (memcpy)
c:/freescale/kds_v3/toolchain/bin/../lib/gcc/arm-none-eabi/4.8.4/../../../../arm-none-eabi/lib/armv7e-m/fpu\libg_s.a(lib_a-memset.o)
                              c:/freescale/kds_v3/toolchain/bin/../lib/gcc/arm-none-eabi/4.8.4/../../../../arm-none-eabi/lib/armv7e-m/fpu/crt0.o (memset)
c:/freescale/kds_v3/toolchain/bin/../lib/gcc/arm-none-eabi/4.8.4/../../../../arm-none-eabi/lib/armv7e-m/fpu\libg_s.a(lib_a-rand.o)
                              ./Generated_Code/UTIL1.o (srand)
c:/freescale/kds_v3/toolchain/bin/../lib/gcc/arm-none-eabi/4.8.4/../../../../arm-none-eabi/lib/armv7e-m/fpu\libg_s.a(lib_a-strchr.o)
                              ./Generated_Code/UTIL1.o (strchr)
c:/freescale/kds_v3/toolchain/bin/../lib/gcc/arm-none-eabi/4.8.4/../../../../arm-none-eabi/lib/armv7e-m/fpu\libg_s.a(lib_a-strcmp.o)
                              ./Generated_Code/CLS1.o (strcmp)
c:/freescale/kds_v3/toolchain/bin/../lib/gcc/arm-none-eabi/4.8.4/../../../../arm-none-eabi/lib/armv7e-m/fpu\libg_s.a(lib_a-strlen.o)
                              ./Generated_Code/CLS1.o (strlen)
c:/freescale/kds_v3/toolchain/bin/../lib/gcc/arm-none-eabi/4.8.4/../../../../arm-none-eabi/lib/armv7e-m/fpu\libg_s.a(lib_a-strncmp.o)
                              ./Generated_Code/UTIL1.o (strncmp)
c:/freescale/kds_v3/toolchain/bin/../lib/gcc/arm-none-eabi/4.8.4/../../../../arm-none-eabi/lib/armv7e-m/fpu\libg_s.a(lib_a-malloc.o)
                              c:/freescale/kds_v3/toolchain/bin/../lib/gcc/arm-none-eabi/4.8.4/../../../../arm-none-eabi/lib/armv7e-m/fpu\libg_s.a(lib_a-rand.o) (malloc)
c:/freescale/kds_v3/toolchain/bin/../lib/gcc/arm-none-eabi/4.8.4/../../../../arm-none-eabi/lib/armv7e-m/fpu\libg_s.a(lib_a-nano-freer.o)
                              c:/freescale/kds_v3/toolchain/bin/../lib/gcc/arm-none-eabi/4.8.4/../../../../arm-none-eabi/lib/armv7e-m/fpu\libg_s.a(lib_a-malloc.o) (_free_r)
c:/freescale/kds_v3/toolchain/bin/../lib/gcc/arm-none-eabi/4.8.4/../../../../arm-none-eabi/lib/armv7e-m/fpu\libg_s.a(lib_a-nano-mallocr.o)
                              c:/freescale/kds_v3/toolchain/bin/../lib/gcc/arm-none-eabi/4.8.4/../../../../arm-none-eabi/lib/armv7e-m/fpu\libg_s.a(lib_a-malloc.o) (_malloc_r)
c:/freescale/kds_v3/toolchain/bin/../lib/gcc/arm-none-eabi/4.8.4/../../../../arm-none-eabi/lib/armv7e-m/fpu\libg_s.a(lib_a-sbrkr.o)
                              c:/freescale/kds_v3/toolchain/bin/../lib/gcc/arm-none-eabi/4.8.4/../../../../arm-none-eabi/lib/armv7e-m/fpu\libg_s.a(lib_a-nano-mallocr.o) (_sbrk_r)
[...]
Memory Configuration

Name             Origin             Length             Attributes
m_interrupts     0x00000000         0x00000198         xr
m_text           0x00000410         0x0007fbf0         xr
m_data           0x1fff0000         0x00010000         rw
m_data_20000000  0x20000000         0x00010000         rw
m_cfmprotrom     0x00000400         0x00000010         xr
*default*        0x00000000         0xffffffff

Linker script and memory map

LOAD c:/freescale/kds_v3/toolchain/bin/../lib/gcc/arm-none-eabi/4.8.4/armv7e-m/fpu/crti.o
LOAD c:/freescale/kds_v3/toolchain/bin/../lib/gcc/arm-none-eabi/4.8.4/armv7e-m/fpu/crtbegin.o
LOAD c:/freescale/kds_v3/toolchain/bin/../lib/gcc/arm-none-eabi/4.8.4/../../../../arm-none-eabi/lib/armv7e-m/fpu/crt0.o
LOAD ./Static_Code/System/CPU_Init.o
LOAD ./Static_Code/System/Peripherals_Init.o
LOAD ./Static_Code/System/Vectors.o
LOAD ./Static_Code/Peripherals/USB0_Init.o
LOAD ./Sources/ADS1298.o
LOAD ./Sources/Application.o
LOAD ./Sources/Events.o
LOAD ./Sources/Platform.o
LOAD ./Sources/main.o
LOAD ./Sources/shell.o
LOAD ./Project_Settings/Startup_Code/startup.o
LOAD ./Generated_Code/ADS_CS.o
LOAD ./Generated_Code/ADS_DRDY.o
LOAD ./Generated_Code/ADS_PWDN.o
LOAD ./Generated_Code/ADS_RESET.o
LOAD ./Generated_Code/ADS_SM1.o
LOAD ./Generated_Code/ADS_START.o
LOAD ./Generated_Code/BitIoLdd1.o
LOAD ./Generated_Code/BitIoLdd2.o
LOAD ./Generated_Code/BitIoLdd3.o
LOAD ./Generated_Code/BitIoLdd4.o
LOAD ./Generated_Code/BitIoLdd5.o
LOAD ./Generated_Code/BitIoLdd6.o
LOAD ./Generated_Code/BitIoLdd7.o
LOAD ./Generated_Code/Blue_LED.o
LOAD ./Generated_Code/CDC1.o
LOAD ./Generated_Code/CLS1.o
LOAD ./Generated_Code/CS1.o
LOAD ./Generated_Code/Cpu.o
LOAD ./Generated_Code/FRTOS1.o
LOAD ./Generated_Code/Green_LED.o
LOAD ./Generated_Code/LEDpin1.o
LOAD ./Generated_Code/LEDpin2.o
LOAD ./Generated_Code/MCUC1.o
LOAD ./Generated_Code/PE_LDD.o
LOAD ./Generated_Code/Rx1.o
LOAD ./Generated_Code/SMasterLdd1.o
LOAD ./Generated_Code/TMOUT1.o
LOAD ./Generated_Code/Tx1.o
LOAD ./Generated_Code/USB1.o
LOAD ./Generated_Code/UTIL1.o
LOAD ./Generated_Code/WAIT1.o
LOAD ./Generated_Code/XF1.o
LOAD ./Generated_Code/croutine.o
LOAD ./Generated_Code/event_groups.o
LOAD ./Generated_Code/heap_1.o
LOAD ./Generated_Code/heap_2.o
LOAD ./Generated_Code/heap_3.o
LOAD ./Generated_Code/heap_4.o
LOAD ./Generated_Code/heap_5.o
LOAD ./Generated_Code/heap_useNewlib.o
LOAD ./Generated_Code/list.o
LOAD ./Generated_Code/mpu_wrappers.o
LOAD ./Generated_Code/port.o
LOAD ./Generated_Code/queue.o
LOAD ./Generated_Code/stream_buffer.o
LOAD ./Generated_Code/tasks.o
LOAD ./Generated_Code/timers.o
LOAD ./Generated_Code/usb_cdc.o
LOAD ./Generated_Code/usb_cdc_pstn.o
LOAD ./Generated_Code/usb_class.o
LOAD ./Generated_Code/usb_dci_kinetis.o
LOAD ./Generated_Code/usb_descriptor.o
LOAD ./Generated_Code/usb_driver.o
LOAD ./Generated_Code/usb_framework.o
LOAD ./Generated_Code/wdt_kinetis.o
LOAD c:/freescale/kds_v3/toolchain/bin/../lib/gcc/arm-none-eabi/4.8.4/../../../../arm-none-eabi/lib/armv7e-m/fpu\libstdc++_s.a
LOAD c:/freescale/kds_v3/toolchain/bin/../lib/gcc/arm-none-eabi/4.8.4/../../../../arm-none-eabi/lib/armv7e-m/fpu\libm.a
START GROUP
LOAD c:/freescale/kds_v3/toolchain/bin/../lib/gcc/arm-none-eabi/4.8.4/armv7e-m/fpu\libgcc.a
LOAD c:/freescale/kds_v3/toolchain/bin/../lib/gcc/arm-none-eabi/4.8.4/../../../../arm-none-eabi/lib/armv7e-m/fpu\libg_s.a
LOAD c:/freescale/kds_v3/toolchain/bin/../lib/gcc/arm-none-eabi/4.8.4/../../../../arm-none-eabi/lib/armv7e-m/fpu\libc_s.a
END GROUP
START GROUP
LOAD c:/freescale/kds_v3/toolchain/bin/../lib/gcc/arm-none-eabi/4.8.4/armv7e-m/fpu\libgcc.a
LOAD c:/freescale/kds_v3/toolchain/bin/../lib/gcc/arm-none-eabi/4.8.4/../../../../arm-none-eabi/lib/armv7e-m/fpu\libc_s.a
LOAD c:/freescale/kds_v3/toolchain/bin/../lib/gcc/arm-none-eabi/4.8.4/../../../../arm-none-eabi/lib/armv7e-m/fpu\libnosys.a
END GROUP
START GROUP
LOAD c:/freescale/kds_v3/toolchain/bin/../lib/gcc/arm-none-eabi/4.8.4/armv7e-m/fpu\libgcc.a
LOAD c:/freescale/kds_v3/toolchain/bin/../lib/gcc/arm-none-eabi/4.8.4/../../../../arm-none-eabi/lib/armv7e-m/fpu\libc_s.a
LOAD c:/freescale/kds_v3/toolchain/bin/../lib/gcc/arm-none-eabi/4.8.4/../../../../arm-none-eabi/lib/armv7e-m/fpu\libnosys.a
END GROUP
LOAD c:/freescale/kds_v3/toolchain/bin/../lib/gcc/arm-none-eabi/4.8.4/armv7e-m/fpu/crtend.o
LOAD c:/freescale/kds_v3/toolchain/bin/../lib/gcc/arm-none-eabi/4.8.4/armv7e-m/fpu/crtn.o
                0x20000000                _estack = 0x20000000
                0x20000000                __SP_INIT = _estack
                0x20000000                __stack = _estack
                0x00000000                __heap_size = 0x0
                0x00000400                __stack_size = 0x400

.interrupts     0x00000000      0x198
                0x00000000                __vector_table = .
                0x00000000                . = ALIGN (0x4)
 *(.vectortable)
 .vectortable   0x00000000      0x198 ./Static_Code/System/Vectors.o
                0x00000000                __vect_table
                0x00000198                . = ALIGN (0x4)

.cfmprotect     0x00000400       0x10
                0x00000400                . = ALIGN (0x4)
 *(.cfmconfig)
 .cfmconfig     0x00000400       0x10 ./Static_Code/System/CPU_Init.o
                0x00000400                _cfm
                0x00000410                . = ALIGN (0x4)

.text           0x00000410     0x6dd0
                0x00000410                . = ALIGN (0x4)
 *(.text)
 .text          0x00000410       0x54 c:/freescale/kds_v3/toolchain/bin/../lib/gcc/arm-none-eabi/4.8.4/armv7e-m/fpu/crtbegin.o
 .text          0x00000464       0x74 c:/freescale/kds_v3/toolchain/bin/../lib/gcc/arm-none-eabi/4.8.4/../../../../arm-none-eabi/lib/armv7e-m/fpu/crt0.o
                0x00000464                _start
                0x00000464                _mainCRTStartup
 *(.text*)
 .text.CPU_SetBASEPRI
                0x000004d8       0x18 ./Static_Code/System/CPU_Init.o
                0x000004d8                CPU_SetBASEPRI
 .text.__init_hardware
                0x000004f0       0xb8 ./Static_Code/System/CPU_Init.o
                0x000004f0                __init_hardware
 .text.PE_low_level_init
                0x000005a8       0x50 ./Static_Code/System/CPU_Init.o
                0x000005a8                PE_low_level_init
 .text.CPU_GetClockGenMode
                0x000005f8       0x90 ./Static_Code/System/CPU_Init.o
                0x000005f8                CPU_GetClockGenMode
 .text.CPU_SetClockConfigGenMode
                0x00000688      0x54c ./Static_Code/System/CPU_Init.o
                0x00000688                CPU_SetClockConfigGenMode
 .text.Peripherals_Init
                0x00000bd4        0xc ./Static_Code/System/Peripherals_Init.o
                0x00000bd4                Peripherals_Init
 .text.UnhandledInterrupt
                0x00000be0       0x18 ./Static_Code/System/Vectors.o
                0x00000be0                UnhandledInterrupt
 .text.USB0_Init
                0x00000bf8      0x174 ./Static_Code/Peripherals/USB0_Init.o
                0x00000bf8                USB0_Init
 .text.SPIWriteRead
                0x00000d6c       0x5c ./Sources/ADS1298.o
 .text.setChannels
                0x00000dc8       0x78 ./Sources/ADS1298.o
                0x00000dc8                setChannels
 .text.send_sample
                0x00000e40       0x94 ./Sources/ADS1298.o
                0x00000e40                send_sample
 .text.SPI_send_8
                0x00000ed4       0x3c ./Sources/ADS1298.o
                0x00000ed4                SPI_send_8
 .text.reg_read
                0x00000f10       0x50 ./Sources/ADS1298.o
                0x00000f10                reg_read
 .text.reg_write
                0x00000f60       0x4c ./Sources/ADS1298.o
                0x00000f60                reg_write
 .text.ADS1298Task
                0x00000fac       0x30 ./Sources/ADS1298.o
 .text.ADS1298_Init
                0x00000fdc      0x104 ./Sources/ADS1298.o
                0x00000fdc                ADS1298_Init
 .text.led_blinky_task
                0x000010e0       0xac ./Sources/Application.o
 .text.APP_Run  0x0000118c        0xc ./Sources/Application.o
                0x0000118c                APP_Run
 .text.APP_Init
                0x00001198       0x38 ./Sources/Application.o
                0x00001198                APP_Init
 .text.Cpu_OnNMI
                0x000011d0        0xc ./Sources/Events.o
                0x000011d0                Cpu_OnNMI
 .text.ADS_SM1_OnRxChar
                0x000011dc        0xc ./Sources/Events.o
                0x000011dc                ADS_SM1_OnRxChar
 .text.ADS_SM1_OnTxChar
                0x000011e8        0xc ./Sources/Events.o
                0x000011e8                ADS_SM1_OnTxChar
 .text.ADS_SM1_OnFullRxBuf
                0x000011f4        0xc ./Sources/Events.o
                0x000011f4                ADS_SM1_OnFullRxBuf
 .text.ADS_SM1_OnFreeTxBuf
                0x00001200        0xc ./Sources/Events.o
                0x00001200                ADS_SM1_OnFreeTxBuf
 .text.ADS_SM1_OnError
                0x0000120c        0xc ./Sources/Events.o
                0x0000120c                ADS_SM1_OnError
 .text.FRTOS1_vApplicationStackOverflowHook
                0x00001218       0x14 ./Sources/Events.o
                0x00001218                FRTOS1_vApplicationStackOverflowHook
 .text.FRTOS1_vApplicationTickHook
                0x0000122c        0xc ./Sources/Events.o
                0x0000122c                FRTOS1_vApplicationTickHook
 .text.FRTOS1_vApplicationIdleHook
                0x00001238        0xc ./Sources/Events.o
                0x00001238                FRTOS1_vApplicationIdleHook
 .text.FRTOS1_vApplicationMallocFailedHook
                0x00001244       0x10 ./Sources/Events.o
                0x00001244                FRTOS1_vApplicationMallocFailedHook
 .text.main     0x00001254       0x14 ./Sources/main.o
                0x00001254                main
 .text.USB_SendString
                0x00001268       0x28 ./Sources/shell.o
 .text.USB_SendChr
                0x00001290       0x18 ./Sources/shell.o
                0x00001290                USB_SendChr
 .text.commandswitch
                0x000012a8      0x1e0 ./Sources/shell.o
                0x000012a8                commandswitch
 .text.ShellTask
                0x00001488       0xbc ./Sources/shell.o
 .text.Shell_Init
                0x00001544       0x34 ./Sources/shell.o
                0x00001544                Shell_Init
 .text.__copy_rom_section
                0x00001578       0xe4 ./Project_Settings/Startup_Code/startup.o
                0x00001578                __copy_rom_section
 .text.__copy_rom_sections_to_ram
                0x0000165c       0x9c ./Project_Settings/Startup_Code/startup.o
                0x0000165c                __copy_rom_sections_to_ram
 .text.__init_registers
                0x000016f8       0x20 ./Project_Settings/Startup_Code/startup.o
                0x000016f8                __init_registers
 .text.__init_user
                0x00001718        0xc ./Project_Settings/Startup_Code/startup.o
                0x00001718                __init_user
 .text.__thumb_startup
                0x00001724       0x34 ./Project_Settings/Startup_Code/startup.o
                0x00001724                __thumb_startup
 .text.ADS_SM1_RecvChar
                0x00001758       0xcc ./Generated_Code/ADS_SM1.o
                0x00001758                ADS_SM1_RecvChar
 .text.ADS_SM1_SendChar
                0x00001824       0xe0 ./Generated_Code/ADS_SM1.o
                0x00001824                ADS_SM1_SendChar
 .text.ADS_SM1_ClearRxBuf
                0x00001904       0x8c ./Generated_Code/ADS_SM1.o
                0x00001904                ADS_SM1_ClearRxBuf
 .text.ADS_SM1_GetCharsInRxBuf
                0x00001990       0x18 ./Generated_Code/ADS_SM1.o
                0x00001990                ADS_SM1_GetCharsInRxBuf
 .text.ADS_SM1_GetCharsInTxBuf
                0x000019a8       0x18 ./Generated_Code/ADS_SM1.o
                0x000019a8                ADS_SM1_GetCharsInTxBuf
 .text.ADS_SM1_Init
                0x000019c0       0x84 ./Generated_Code/ADS_SM1.o
                0x000019c0                ADS_SM1_Init
 .text.SMasterLdd1_OnBlockReceived
                0x00001a44       0xdc ./Generated_Code/ADS_SM1.o
                0x00001a44                SMasterLdd1_OnBlockReceived
 .text.SMasterLdd1_OnBlockSent
                0x00001b20       0xcc ./Generated_Code/ADS_SM1.o
                0x00001b20                SMasterLdd1_OnBlockSent
 .text.BitIoLdd1_Init
                0x00001bec       0x80 ./Generated_Code/BitIoLdd1.o
                0x00001bec                BitIoLdd1_Init
 .text.BitIoLdd1_ClrVal
                0x00001c6c       0x1c ./Generated_Code/BitIoLdd1.o
                0x00001c6c                BitIoLdd1_ClrVal
 .text.BitIoLdd1_SetVal
                0x00001c88       0x1c ./Generated_Code/BitIoLdd1.o
                0x00001c88                BitIoLdd1_SetVal
 .text.BitIoLdd2_Init
                0x00001ca4       0x80 ./Generated_Code/BitIoLdd2.o
                0x00001ca4                BitIoLdd2_Init
 .text.BitIoLdd2_ClrVal
                0x00001d24       0x20 ./Generated_Code/BitIoLdd2.o
                0x00001d24                BitIoLdd2_ClrVal
 .text.BitIoLdd2_SetVal
                0x00001d44       0x20 ./Generated_Code/BitIoLdd2.o
                0x00001d44                BitIoLdd2_SetVal
 .text.BitIoLdd2_NegVal
                0x00001d64       0x20 ./Generated_Code/BitIoLdd2.o
                0x00001d64                BitIoLdd2_NegVal
 .text.BitIoLdd3_Init
                0x00001d84       0x80 ./Generated_Code/BitIoLdd3.o
                0x00001d84                BitIoLdd3_Init
 .text.BitIoLdd4_Init
                0x00001e04       0x80 ./Generated_Code/BitIoLdd4.o
                0x00001e04                BitIoLdd4_Init
 .text.BitIoLdd5_Init
                0x00001e84       0x80 ./Generated_Code/BitIoLdd5.o
                0x00001e84                BitIoLdd5_Init
 .text.BitIoLdd6_Init
                0x00001f04       0x80 ./Generated_Code/BitIoLdd6.o
                0x00001f04                BitIoLdd6_Init
 .text.BitIoLdd6_GetVal
                0x00001f84       0x48 ./Generated_Code/BitIoLdd6.o
                0x00001f84                BitIoLdd6_GetVal
 .text.BitIoLdd7_Init
                0x00001fcc       0x80 ./Generated_Code/BitIoLdd7.o
                0x00001fcc                BitIoLdd7_Init
 .text.BitIoLdd7_SetVal
                0x0000204c       0x1c ./Generated_Code/BitIoLdd7.o
                0x0000204c                BitIoLdd7_SetVal
 .text.BitIoLdd7_NegVal
                0x00002068       0x1c ./Generated_Code/BitIoLdd7.o
                0x00002068                BitIoLdd7_NegVal
 .text.Blue_LED_Init
                0x00002084       0x14 ./Generated_Code/Blue_LED.o
                0x00002084                Blue_LED_Init
 .text.CDC1_GetCharsInRxBuf
                0x00002098       0x1c ./Generated_Code/CDC1.o
                0x00002098                CDC1_GetCharsInRxBuf
 .text.CDC1_SendChar
                0x000020b4       0x54 ./Generated_Code/CDC1.o
                0x000020b4                CDC1_SendChar
 .text.CDC1_App_Callback
                0x00002108       0xc8 ./Generated_Code/CDC1.o
                0x00002108                CDC1_App_Callback
 .text.CDC1_Notify_Callback
                0x000021d0       0x4c ./Generated_Code/CDC1.o
                0x000021d0                CDC1_Notify_Callback
 .text.CDC1_RunUsbEngine
                0x0000221c        0xc ./Generated_Code/CDC1.o
                0x0000221c                CDC1_RunUsbEngine
 .text.CDC1_SendDataBlock
                0x00002228       0x7c ./Generated_Code/CDC1.o
                0x00002228                CDC1_SendDataBlock
 .text.CDC1_App_Task
                0x000022a4       0xa8 ./Generated_Code/CDC1.o
                0x000022a4                CDC1_App_Task
 .text.CDC1_Init
                0x0000234c       0x5c ./Generated_Code/CDC1.o
                0x0000234c                CDC1_Init
 .text.CLS1_Init
                0x000023a8        0xc ./Generated_Code/CLS1.o
                0x000023a8                CLS1_Init
 .text.CS1_Init
                0x000023b4        0xc ./Generated_Code/CS1.o
                0x000023b4                CS1_Init
 .text.Common_Init
                0x000023c0       0x64 ./Generated_Code/Cpu.o
                0x000023c0                Common_Init
 .text.Components_Init
                0x00002424       0x64 ./Generated_Code/Cpu.o
                0x00002424                Components_Init
 .text.Cpu_INT_NMIInterrupt
                0x00002488       0x1c ./Generated_Code/Cpu.o
                0x00002488                Cpu_INT_NMIInterrupt
 .text.FRTOS1_Init
                0x000024a4        0xc ./Generated_Code/FRTOS1.o
                0x000024a4                FRTOS1_Init
 .text.Green_LED_Init
                0x000024b0       0x14 ./Generated_Code/Green_LED.o
                0x000024b0                Green_LED_Init
 .text.MCUC1_Init
                0x000024c4        0xc ./Generated_Code/MCUC1.o
                0x000024c4                MCUC1_Init
 .text.Rx1_Put  0x000024d0       0x74 ./Generated_Code/Rx1.o
                0x000024d0                Rx1_Put
 .text.Rx1_Get  0x00002544       0x74 ./Generated_Code/Rx1.o
                0x00002544                Rx1_Get
 .text.Rx1_NofElements
                0x000025b8       0x18 ./Generated_Code/Rx1.o
                0x000025b8                Rx1_NofElements
 .text.Rx1_Init
                0x000025d0       0x2c ./Generated_Code/Rx1.o
                0x000025d0                Rx1_Init
 .text.SMasterLdd1_Init
                0x000025fc      0x138 ./Generated_Code/SMasterLdd1.o
                0x000025fc                SMasterLdd1_Init
 .text.SMasterLdd1_ReceiveBlock
                0x00002734       0x80 ./Generated_Code/SMasterLdd1.o
                0x00002734                SMasterLdd1_ReceiveBlock
 .text.SMasterLdd1_SendBlock
                0x000027b4       0x90 ./Generated_Code/SMasterLdd1.o
                0x000027b4                SMasterLdd1_SendBlock
 .text.SMasterLdd1_Interrupt
                0x00002844      0x10c ./Generated_Code/SMasterLdd1.o
                0x00002844                SMasterLdd1_Interrupt
 .text.TMOUT1_GetCounter
                0x00002950       0x74 ./Generated_Code/TMOUT1.o
                0x00002950                TMOUT1_GetCounter
 .text.TMOUT1_LeaveCounter
                0x000029c4       0x44 ./Generated_Code/TMOUT1.o
                0x000029c4                TMOUT1_LeaveCounter
 .text.TMOUT1_CounterExpired
                0x00002a08       0x48 ./Generated_Code/TMOUT1.o
                0x00002a08                TMOUT1_CounterExpired
 .text.TMOUT1_Init
                0x00002a50       0x3c ./Generated_Code/TMOUT1.o
                0x00002a50                TMOUT1_Init
 .text.Tx1_Put  0x00002a8c       0x74 ./Generated_Code/Tx1.o
                0x00002a8c                Tx1_Put
 .text.Tx1_Get  0x00002b00       0x74 ./Generated_Code/Tx1.o
                0x00002b00                Tx1_Get
 .text.Tx1_NofElements
                0x00002b74       0x18 ./Generated_Code/Tx1.o
                0x00002b74                Tx1_NofElements
 .text.Tx1_Init
                0x00002b8c       0x2c ./Generated_Code/Tx1.o
                0x00002b8c                Tx1_Init
 .text.USB1_usb_int_en
                0x00002bb8       0x24 ./Generated_Code/USB1.o
                0x00002bb8                USB1_usb_int_en
 .text.USB1_Init
                0x00002bdc       0x28 ./Generated_Code/USB1.o
                0x00002bdc                USB1_Init
 .text.UTIL1_Init
                0x00002c04        0xc ./Generated_Code/UTIL1.o
                0x00002c04                UTIL1_Init
 .text.WAIT1_Wait10Cycles
                0x00002c10        0x8 ./Generated_Code/WAIT1.o
                0x00002c10                WAIT1_Wait10Cycles
 .text.WAIT1_Wait100Cycles
                0x00002c18       0x28 ./Generated_Code/WAIT1.o
                0x00002c18                WAIT1_Wait100Cycles
 .text.WAIT1_WaitCycles
                0x00002c40       0x34 ./Generated_Code/WAIT1.o
                0x00002c40                WAIT1_WaitCycles
 .text.WAIT1_WaitLongCycles
                0x00002c74       0x38 ./Generated_Code/WAIT1.o
                0x00002c74                WAIT1_WaitLongCycles
 .text.WAIT1_Waitms
                0x00002cac       0x2c ./Generated_Code/WAIT1.o
                0x00002cac                WAIT1_Waitms
 .text.WAIT1_Init
                0x00002cd8        0xc ./Generated_Code/WAIT1.o
                0x00002cd8                WAIT1_Init
 .text.XF1_Init
                0x00002ce4        0xc ./Generated_Code/XF1.o
                0x00002ce4                XF1_Init
 .text.pvPortMalloc
                0x00002cf0      0x178 ./Generated_Code/heap_4.o
                0x00002cf0                pvPortMalloc
 .text.vPortFree
                0x00002e68       0xa0 ./Generated_Code/heap_4.o
                0x00002e68                vPortFree
 .text.prvHeapInit
                0x00002f08       0xc8 ./Generated_Code/heap_4.o
 .text.prvInsertBlockIntoFreeList
                0x00002fd0       0xb0 ./Generated_Code/heap_4.o
 .text.vListInitialise
                0x00003080       0x40 ./Generated_Code/list.o
                0x00003080                vListInitialise
 .text.vListInitialiseItem
                0x000030c0       0x18 ./Generated_Code/list.o
                0x000030c0                vListInitialiseItem
 .text.vListInsertEnd
                0x000030d8       0x48 ./Generated_Code/list.o
                0x000030d8                vListInsertEnd
 .text.vListInsert
                0x00003120       0x70 ./Generated_Code/list.o
                0x00003120                vListInsert
 .text.uxListRemove
                0x00003190       0x54 ./Generated_Code/list.o
                0x00003190                uxListRemove
 .text.pxPortInitialiseStack
                0x000031e4       0x60 ./Generated_Code/port.o
                0x000031e4                pxPortInitialiseStack
 .text.vPortInitTickTimer
                0x00003244       0x44 ./Generated_Code/port.o
                0x00003244                vPortInitTickTimer
 .text.vPortStartTickTimer
                0x00003288       0x18 ./Generated_Code/port.o
                0x00003288                vPortStartTickTimer
 .text.vPortStopTickTimer
                0x000032a0       0x18 ./Generated_Code/port.o
                0x000032a0                vPortStopTickTimer
 .text.vPortEnableVFP
                0x000032b8       0x1c ./Generated_Code/port.o
                0x000032b8                vPortEnableVFP
 .text.xPortStartScheduler
                0x000032d4       0xc4 ./Generated_Code/port.o
                0x000032d4                xPortStartScheduler
 .text.vPortEnterCritical
                0x00003398       0x4c ./Generated_Code/port.o
                0x00003398                vPortEnterCritical
 .text.vPortExitCritical
                0x000033e4       0x2c ./Generated_Code/port.o
                0x000033e4                vPortExitCritical
 .text.vPortYieldFromISR
                0x00003410       0x20 ./Generated_Code/port.o
                0x00003410                vPortYieldFromISR
 .text.vPortTickHandler
                0x00003430       0x24 ./Generated_Code/port.o
                0x00003430                vPortTickHandler
 .text.vPortStartFirstTask
                0x00003454       0x5c ./Generated_Code/port.o
                0x00003454                vPortStartFirstTask
 .text.vPortSVCHandler
                0x000034b0       0x1c ./Generated_Code/port.o
                0x000034b0                vPortSVCHandler
 .text.vPortPendSVHandler
                0x000034cc       0x50 ./Generated_Code/port.o
                0x000034cc                vPortPendSVHandler
 .text.vPortValidateInterruptPriority
                0x0000351c       0x64 ./Generated_Code/port.o
                0x0000351c                vPortValidateInterruptPriority
 .text.xTaskCreate
                0x00003580       0x84 ./Generated_Code/tasks.o
                0x00003580                xTaskCreate
 .text.prvInitialiseNewTask
                0x00003604      0x11c ./Generated_Code/tasks.o
 .text.prvAddNewTaskToReadyList
                0x00003720       0xcc ./Generated_Code/tasks.o
 .text.vTaskDelayUntil
                0x000037ec       0xc4 ./Generated_Code/tasks.o
                0x000037ec                vTaskDelayUntil
 .text.vTaskDelay
                0x000038b0       0x4c ./Generated_Code/tasks.o
                0x000038b0                vTaskDelay
 .text.vTaskStartScheduler
                0x000038fc       0x74 ./Generated_Code/tasks.o
                0x000038fc                vTaskStartScheduler
 .text.vTaskSuspendAll
                0x00003970       0x1c ./Generated_Code/tasks.o
                0x00003970                vTaskSuspendAll
 .text.xTaskResumeAll
                0x0000398c      0x120 ./Generated_Code/tasks.o
                0x0000398c                xTaskResumeAll
 .text.xTaskGetTickCount
                0x00003aac       0x24 ./Generated_Code/tasks.o
                0x00003aac                xTaskGetTickCount
 .text.xTaskGetTickCountFromISR
                0x00003ad0       0x34 ./Generated_Code/tasks.o
                0x00003ad0                xTaskGetTickCountFromISR
 .text.xTaskIncrementTick
                0x00003b04      0x178 ./Generated_Code/tasks.o
                0x00003b04                xTaskIncrementTick
 .text.vTaskSwitchContext
                0x00003c7c      0x104 ./Generated_Code/tasks.o
                0x00003c7c                vTaskSwitchContext
 .text.prvIdleTask
                0x00003d80       0x24 ./Generated_Code/tasks.o
 .text.prvInitialiseTaskLists
                0x00003da4       0x74 ./Generated_Code/tasks.o
 .text.prvCheckTasksWaitingTermination
                0x00003e18        0xc ./Generated_Code/tasks.o
 .text.prvResetNextTaskUnblockTime
                0x00003e24       0x40 ./Generated_Code/tasks.o
 .text.prvAddCurrentTaskToDelayedList
                0x00003e64       0xa8 ./Generated_Code/tasks.o
 .text.USB_Class_CDC_Service_Cic_Notify
                0x00003f0c       0xfc ./Generated_Code/usb_cdc.o
                0x00003f0c                USB_Class_CDC_Service_Cic_Notify
 .text.USB_Class_CDC_Service_Dic_Bulk_In
                0x00004008      0x12c ./Generated_Code/usb_cdc.o
                0x00004008                USB_Class_CDC_Service_Dic_Bulk_In
 .text.USB_Class_CDC_Service_Dic_Bulk_Out
                0x00004134       0x58 ./Generated_Code/usb_cdc.o
                0x00004134                USB_Class_CDC_Service_Dic_Bulk_Out
 .text.USB_Class_CDC_Event
                0x0000418c      0x164 ./Generated_Code/usb_cdc.o
                0x0000418c                USB_Class_CDC_Event
 .text.USB_Other_Requests
                0x000042f0      0x1c4 ./Generated_Code/usb_cdc.o
 .text.USB_Class_CDC_Init
                0x000044b4       0xfc ./Generated_Code/usb_cdc.o
                0x000044b4                USB_Class_CDC_Init
 .text.USB_Class_CDC_Send_Data
                0x000045b0      0x13c ./Generated_Code/usb_cdc.o
                0x000045b0                USB_Class_CDC_Send_Data
 .text.USB_Class_CDC_Pstn_Init
                0x000046ec       0x28 ./Generated_Code/usb_cdc_pstn.o
                0x000046ec                USB_Class_CDC_Pstn_Init
 .text.USB_Class_CDC_PSTN_Get_Line_Coding
                0x00004714       0x3c ./Generated_Code/usb_cdc_pstn.o
                0x00004714                USB_Class_CDC_PSTN_Get_Line_Coding
 .text.USB_Class_CDC_PSTN_Set_Line_Coding
                0x00004750       0x48 ./Generated_Code/usb_cdc_pstn.o
                0x00004750                USB_Class_CDC_PSTN_Set_Line_Coding
 .text.USB_Class_CDC_PSTN_Set_Ctrl_Line_State
                0x00004798       0xc0 ./Generated_Code/usb_cdc_pstn.o
                0x00004798                USB_Class_CDC_PSTN_Set_Ctrl_Line_State
 .text.USB_Class_CDC_PSTN_Send_Break
                0x00004858       0x30 ./Generated_Code/usb_cdc_pstn.o
                0x00004858                USB_Class_CDC_PSTN_Send_Break
 .text.USB_Class_CDC_PSTN_Get_Comm_Feature
                0x00004888       0x74 ./Generated_Code/usb_cdc_pstn.o
                0x00004888                USB_Class_CDC_PSTN_Get_Comm_Feature
 .text.USB_Class_CDC_PSTN_Set_Comm_Feature
                0x000048fc       0x74 ./Generated_Code/usb_cdc_pstn.o
                0x000048fc                USB_Class_CDC_PSTN_Set_Comm_Feature
 .text.USB_Class_CDC_PSTN_Send_Serial_State
                0x00004970       0x3c ./Generated_Code/usb_cdc_pstn.o
                0x00004970                USB_Class_CDC_PSTN_Send_Serial_State
 .text.USB_Suspend_Service
                0x000049ac       0x40 ./Generated_Code/usb_class.o
                0x000049ac                USB_Suspend_Service
 .text.USB_Resume_Service
                0x000049ec       0x50 ./Generated_Code/usb_class.o
                0x000049ec                USB_Resume_Service
 .text.USB_Stall_Service
                0x00004a3c       0x34 ./Generated_Code/usb_class.o
                0x00004a3c                USB_Stall_Service
 .text.USB_Sof_Service
                0x00004a70       0x40 ./Generated_Code/usb_class.o
                0x00004a70                USB_Sof_Service
 .text.USB_Reset_Service
                0x00004ab0       0xbc ./Generated_Code/usb_class.o
                0x00004ab0                USB_Reset_Service
 .text.USB_Error_Service
                0x00004b6c       0x28 ./Generated_Code/usb_class.o
                0x00004b6c                USB_Error_Service
 .text.USB_Class_Init
                0x00004b94       0xec ./Generated_Code/usb_class.o
                0x00004b94                USB_Class_Init
 .text.USB_Class_Initiate_Resume
                0x00004c80       0x70 ./Generated_Code/usb_class.o
                0x00004c80                USB_Class_Initiate_Resume
 .text.USB_Class_Send_Data
                0x00004cf0       0x48 ./Generated_Code/usb_class.o
                0x00004cf0                USB_Class_Send_Data
 .text.USB_Class_Periodic_Task
                0x00004d38        0xc ./Generated_Code/usb_class.o
                0x00004d38                USB_Class_Periodic_Task
 .text.USB_Bus_Reset_Handler
                0x00004d44       0xc0 ./Generated_Code/usb_dci_kinetis.o
 .text.USB_DCI_Get_BDT_Index
                0x00004e04       0x44 ./Generated_Code/usb_dci_kinetis.o
 .text.USB_DCI_Validate_Param
                0x00004e48       0x5c ./Generated_Code/usb_dci_kinetis.o
 .text.USB_DCI_Prepare_Send_Data
                0x00004ea4       0x6c ./Generated_Code/usb_dci_kinetis.o
 .text.USB_DCI_Init
                0x00004f10      0x160 ./Generated_Code/usb_dci_kinetis.o
                0x00004f10                USB_DCI_Init
 .text.USB_DCI_Init_EndPoint
                0x00005070      0x20c ./Generated_Code/usb_dci_kinetis.o
                0x00005070                USB_DCI_Init_EndPoint
 .text._usb_device_cancel_transfer
                0x0000527c       0xa4 ./Generated_Code/usb_dci_kinetis.o
                0x0000527c                _usb_device_cancel_transfer
 .text.USB_DCI_Deinit_EndPoint
                0x00005320       0xb0 ./Generated_Code/usb_dci_kinetis.o
                0x00005320                USB_DCI_Deinit_EndPoint
 .text._usb_device_stall_endpoint
                0x000053d0       0x7c ./Generated_Code/usb_dci_kinetis.o
                0x000053d0                _usb_device_stall_endpoint
 .text._usb_device_unstall_endpoint
                0x0000544c       0xe4 ./Generated_Code/usb_dci_kinetis.o
                0x0000544c                _usb_device_unstall_endpoint
 .text._usb_device_clear_data0_endpoint
                0x00005530       0x60 ./Generated_Code/usb_dci_kinetis.o
                0x00005530                _usb_device_clear_data0_endpoint
 .text._usb_device_recv_data
                0x00005590      0x138 ./Generated_Code/usb_dci_kinetis.o
                0x00005590                _usb_device_recv_data
 .text._usb_device_send_data
                0x000056c8       0xe0 ./Generated_Code/usb_dci_kinetis.o
                0x000056c8                _usb_device_send_data
 .text._usb_device_set_address
                0x000057a8       0x30 ./Generated_Code/usb_dci_kinetis.o
                0x000057a8                _usb_device_set_address
 .text._usb_device_assert_resume
                0x000057d8       0xb8 ./Generated_Code/usb_dci_kinetis.o
                0x000057d8                _usb_device_assert_resume
 .text.USB_Bus_Token_Cpl_Handler
                0x00005890      0x328 ./Generated_Code/usb_dci_kinetis.o
 .text.USB_ISR  0x00005bb8      0x2a4 ./Generated_Code/usb_dci_kinetis.o
                0x00005bb8                USB_ISR
 .text.Clear_Mem
                0x00005e5c       0x24 ./Generated_Code/usb_dci_kinetis.o
                0x00005e5c                Clear_Mem
 .text.USB_Desc_Get_Descriptor
                0x00005e80       0xf4 ./Generated_Code/usb_descriptor.o
                0x00005e80                USB_Desc_Get_Descriptor
 .text.USB_Desc_Get_Interface
                0x00005f74       0x38 ./Generated_Code/usb_descriptor.o
                0x00005f74                USB_Desc_Get_Interface
 .text.USB_Desc_Set_Interface
                0x00005fac       0x38 ./Generated_Code/usb_descriptor.o
                0x00005fac                USB_Desc_Set_Interface
 .text.USB_Desc_Valid_Configation
                0x00005fe4       0x44 ./Generated_Code/usb_descriptor.o
                0x00005fe4                USB_Desc_Valid_Configation
 .text.USB_Desc_Remote_Wakeup
                0x00006028       0x18 ./Generated_Code/usb_descriptor.o
                0x00006028                USB_Desc_Remote_Wakeup
 .text.USB_Desc_Get_Endpoints
                0x00006040       0x1c ./Generated_Code/usb_descriptor.o
                0x00006040                USB_Desc_Get_Endpoints
 .text.USB_Desc_Get_Line_Coding
                0x0000605c       0x3c ./Generated_Code/usb_descriptor.o
                0x0000605c                USB_Desc_Get_Line_Coding
 .text.USB_Desc_Set_Line_Coding
                0x00006098       0x5c ./Generated_Code/usb_descriptor.o
                0x00006098                USB_Desc_Set_Line_Coding
 .text.USB_Desc_Get_Abstract_State
                0x000060f4       0x38 ./Generated_Code/usb_descriptor.o
                0x000060f4                USB_Desc_Get_Abstract_State
 .text.USB_Desc_Get_Country_Setting
                0x0000612c       0x38 ./Generated_Code/usb_descriptor.o
                0x0000612c                USB_Desc_Get_Country_Setting
 .text.USB_Desc_Set_Abstract_State
                0x00006164       0x58 ./Generated_Code/usb_descriptor.o
                0x00006164                USB_Desc_Set_Abstract_State
 .text.USB_Desc_Set_Country_Setting
                0x000061bc       0x58 ./Generated_Code/usb_descriptor.o
                0x000061bc                USB_Desc_Set_Country_Setting
 .text.USB_Device_Init_Params
                0x00006214       0x60 ./Generated_Code/usb_driver.o
 .text._usb_device_init
                0x00006274       0x48 ./Generated_Code/usb_driver.o
                0x00006274                _usb_device_init
 .text._usb_device_init_endpoint
                0x000062bc       0x74 ./Generated_Code/usb_driver.o
                0x000062bc                _usb_device_init_endpoint
 .text._usb_device_deinit_endpoint
                0x00006330       0x6c ./Generated_Code/usb_driver.o
                0x00006330                _usb_device_deinit_endpoint
 .text._usb_device_get_status
                0x0000639c       0x68 ./Generated_Code/usb_driver.o
                0x0000639c                _usb_device_get_status
 .text._usb_device_set_status
                0x00006404       0xbc ./Generated_Code/usb_driver.o
                0x00006404                _usb_device_set_status
 .text._usb_device_register_service
                0x000064c0       0x20 ./Generated_Code/usb_driver.o
                0x000064c0                _usb_device_register_service
 .text.USB_Device_Call_Service
                0x000064e0       0x3c ./Generated_Code/usb_driver.o
                0x000064e0                USB_Device_Call_Service
 .text.USB_NULL_CALLBACK
                0x0000651c       0x14 ./Generated_Code/usb_driver.o
                0x0000651c                USB_NULL_CALLBACK
 .text.USB_Framework_Init
                0x00006530       0x44 ./Generated_Code/usb_framework.o
                0x00006530                USB_Framework_Init
 .text.USB_Control_Service
                0x00006574      0x1dc ./Generated_Code/usb_framework.o
                0x00006574                USB_Control_Service
 .text.USB_Control_Service_Handler
                0x00006750       0x74 ./Generated_Code/usb_framework.o
 .text.USB_Strd_Req_Get_Status
                0x000067c4      0x170 ./Generated_Code/usb_framework.o
 .text.USB_Strd_Req_Feature
                0x00006934      0x174 ./Generated_Code/usb_framework.o
 .text.USB_Strd_Req_Set_Address
                0x00006aa8       0x3c ./Generated_Code/usb_framework.o
 .text.USB_Strd_Req_Assign_Address
                0x00006ae4       0x44 ./Generated_Code/usb_framework.o
 .text.USB_Strd_Req_Get_Config
                0x00006b28       0x4c ./Generated_Code/usb_framework.o
 .text.USB_Strd_Req_Set_Config
                0x00006b74       0x9c ./Generated_Code/usb_framework.o
 .text.USB_Strd_Req_Get_Interface
                0x00006c10       0x50 ./Generated_Code/usb_framework.o
 .text.USB_Strd_Req_Set_Interface
                0x00006c60       0x4c ./Generated_Code/usb_framework.o
 .text.USB_Strd_Req_Sync_Frame
                0x00006cac       0x48 ./Generated_Code/usb_framework.o
 .text.USB_Strd_Req_Get_Descriptor
                0x00006cf4       0x54 ./Generated_Code/usb_framework.o
 .text.Watchdog_Reset
                0x00006d48       0x20 ./Generated_Code/wdt_kinetis.o
                0x00006d48                Watchdog_Reset
 .text.exit     0x00006d68       0x28 c:/freescale/kds_v3/toolchain/bin/../lib/gcc/arm-none-eabi/4.8.4/../../../../arm-none-eabi/lib/armv7e-m/fpu\libg_s.a(lib_a-exit.o)
                0x00006d68                exit
 .text.__libc_init_array
                0x00006d90       0x4c c:/freescale/kds_v3/toolchain/bin/../lib/gcc/arm-none-eabi/4.8.4/../../../../arm-none-eabi/lib/armv7e-m/fpu\libg_s.a(lib_a-init.o)
                0x00006d90                __libc_init_array
 .text.memcpy   0x00006ddc       0x12 c:/freescale/kds_v3/toolchain/bin/../lib/gcc/arm-none-eabi/4.8.4/../../../../arm-none-eabi/lib/armv7e-m/fpu\libg_s.a(lib_a-memcpy-stub.o)
                0x00006ddc                memcpy
 .text.memset   0x00006dee       0x10 c:/freescale/kds_v3/toolchain/bin/../lib/gcc/arm-none-eabi/4.8.4/../../../../arm-none-eabi/lib/armv7e-m/fpu\libg_s.a(lib_a-memset.o)
                0x00006dee                memset
 *fill*         0x00006dfe        0x2 
 .text._exit    0x00006e00        0x4 c:/freescale/kds_v3/toolchain/bin/../lib/gcc/arm-none-eabi/4.8.4/../../../../arm-none-eabi/lib/armv7e-m/fpu\libnosys.a(_exit.o)
                0x00006e00                _exit
 *(.rodata)
 .rodata        0x00006e04        0x8 ./Sources/ADS1298.o
 .rodata        0x00006e0c        0x4 ./Sources/Application.o
 .rodata        0x00006e10      0x13c ./Sources/shell.o
 .rodata        0x00006f4c       0x30 ./Generated_Code/tasks.o
                0x00006f6c                FreeRTOSDebugConfig
 .rodata        0x00006f7c        0x8 ./Generated_Code/usb_dci_kinetis.o
 *(.rodata*)
 .rodata.ClockGenModeMatrix
                0x00006f84       0x80 ./Static_Code/System/CPU_Init.o
 .rodata.CPU_ClockConfigDescriptors
                0x00007004       0x1c ./Static_Code/System/CPU_Init.o
 .rodata.CPU_DefaultFEI
                0x00007020        0x8 ./Static_Code/System/CPU_Init.o
 .rodata.CPU_DefaultFBI
                0x00007028        0x8 ./Static_Code/System/CPU_Init.o
 .rodata.CPU_DefaultBLPI
                0x00007030        0x8 ./Static_Code/System/CPU_Init.o
 .rodata.CPU_DefaultFEE
                0x00007038        0x8 ./Static_Code/System/CPU_Init.o
 .rodata.CPU_DefaultFBE
                0x00007040        0x8 ./Static_Code/System/CPU_Init.o
 .rodata.CPU_DefaultBLPE
                0x00007048        0x8 ./Static_Code/System/CPU_Init.o
 .rodata.CPU_DefaultPBE
                0x00007050        0x8 ./Static_Code/System/CPU_Init.o
 .rodata.CPU_DefaultPEE
                0x00007058        0x8 ./Static_Code/System/CPU_Init.o
 .rodata.CPU_ClockGenModeRegs
                0x00007060       0x20 ./Static_Code/System/CPU_Init.o
 .rodata.freeRTOSMemoryScheme
                0x00007080        0x1 ./Generated_Code/FRTOS1.o
                0x00007080                freeRTOSMemoryScheme
 *fill*         0x00007081        0x3 
 .rodata.usb_desc_ep
                0x00007084       0x10 ./Generated_Code/usb_descriptor.o
                0x00007084                usb_desc_ep
 .rodata.g_std_desc_size
                0x00007094       0x10 ./Generated_Code/usb_descriptor.o
                0x00007094                g_std_desc_size
 .rodata.g_std_descriptors
                0x000070a4       0x20 ./Generated_Code/usb_descriptor.o
                0x000070a4                g_std_descriptors
 .rodata.g_string_desc_size
                0x000070c4        0x8 ./Generated_Code/usb_descriptor.o
                0x000070c4                g_string_desc_size
 .rodata.g_string_descriptors
                0x000070cc       0x14 ./Generated_Code/usb_descriptor.o
                0x000070cc                g_string_descriptors
 .rodata.g_languages
                0x000070e0       0x20 ./Generated_Code/usb_descriptor.o
                0x000070e0                g_languages
 .rodata.g_valid_config_values
                0x00007100        0x4 ./Generated_Code/usb_descriptor.o
                0x00007100                g_valid_config_values
 .rodata.g_usb_CB
                0x00007104       0x60 ./Generated_Code/usb_driver.o
 .rodata.g_validate_request
                0x00007164       0x28 ./Generated_Code/usb_framework.o
                0x00007164                g_validate_request
 .rodata.g_standard_request
                0x0000718c       0x34 ./Generated_Code/usb_framework.o
                0x0000718c                g_standard_request
 .rodata.str1.1
                0x000071c0        0x2 c:/freescale/kds_v3/toolchain/bin/../lib/gcc/arm-none-eabi/4.8.4/../../../../arm-none-eabi/lib/armv7e-m/fpu\libg_s.a(lib_a-impure.o)
 *fill*         0x000071c2        0x2 
 .rodata._global_impure_ptr
                0x000071c4        0x4 c:/freescale/kds_v3/toolchain/bin/../lib/gcc/arm-none-eabi/4.8.4/../../../../arm-none-eabi/lib/armv7e-m/fpu\libg_s.a(lib_a-impure.o)
                0x000071c4                _global_impure_ptr
 *(.glue_7)
 .glue_7        0x00000000        0x0 linker stubs
 *(.glue_7t)
 .glue_7t       0x00000000        0x0 linker stubs
 *(.eh_frame)
 .eh_frame      0x000071c8        0x0 c:/freescale/kds_v3/toolchain/bin/../lib/gcc/arm-none-eabi/4.8.4/armv7e-m/fpu/crtbegin.o
 *(.init)
 .init          0x000071c8        0x4 c:/freescale/kds_v3/toolchain/bin/../lib/gcc/arm-none-eabi/4.8.4/armv7e-m/fpu/crti.o
                0x000071c8                _init
 .init          0x000071cc        0x8 c:/freescale/kds_v3/toolchain/bin/../lib/gcc/arm-none-eabi/4.8.4/armv7e-m/fpu/crtn.o
 *(.fini)
 .fini          0x000071d4        0x4 c:/freescale/kds_v3/toolchain/bin/../lib/gcc/arm-none-eabi/4.8.4/armv7e-m/fpu/crti.o
                0x000071d4                _fini
 .fini          0x000071d8        0x8 c:/freescale/kds_v3/toolchain/bin/../lib/gcc/arm-none-eabi/4.8.4/armv7e-m/fpu/crtn.o
                0x000071e0                . = ALIGN (0x4)
                0x000071e0                _etext = .

.vfp11_veneer   0x000071e0        0x0
 .vfp11_veneer  0x00000000        0x0 linker stubs

.v4_bx          0x000071e0        0x0
 .v4_bx         0x00000000        0x0 linker stubs

.iplt           0x000071e0        0x0
 .iplt          0x00000000        0x0 c:/freescale/kds_v3/toolchain/bin/../lib/gcc/arm-none-eabi/4.8.4/armv7e-m/fpu/crtbegin.o

.ARM.extab
 *(.ARM.extab* .gnu.linkonce.armextab.*)

.ARM            0x000071e0        0x8
                0x000071e0                __exidx_start = .
 *(.ARM.exidx*)
 .ARM.exidx     0x000071e0        0x8 c:/freescale/kds_v3/toolchain/bin/../lib/gcc/arm-none-eabi/4.8.4/../../../../arm-none-eabi/lib/armv7e-m/fpu/crt0.o
                0x000071e8                __exidx_end = .

.rel.dyn        0x000071e8        0x0
 .rel.iplt      0x00000000        0x0 c:/freescale/kds_v3/toolchain/bin/../lib/gcc/arm-none-eabi/4.8.4/armv7e-m/fpu/crtbegin.o

.ctors          0x000071e8        0x0
                0x000071e8                __CTOR_LIST__ = .
 *crtbegin.o(.ctors)
 *(EXCLUDE_FILE(*crtend.o) .ctors)
 *(SORT(.ctors.*))
 *(.ctors)
                0x000071e8                __CTOR_END__ = .

.dtors          0x000071e8        0x0
                0x000071e8                __DTOR_LIST__ = .
 *crtbegin.o(.dtors)
 *(EXCLUDE_FILE(*crtend.o) .dtors)
 *(SORT(.dtors.*))
 *(.dtors)
                0x000071e8                __DTOR_END__ = .

.preinit_array  0x000071e8        0x0
                0x000071e8                PROVIDE (__preinit_array_start, .)
 *(.preinit_array*)
                0x000071e8                PROVIDE (__preinit_array_end, .)

.init_array     0x000071e8        0x4
                0x000071e8                PROVIDE (__init_array_start, .)
 *(SORT(.init_array.*))
 *(.init_array*)
 .init_array    0x000071e8        0x4 c:/freescale/kds_v3/toolchain/bin/../lib/gcc/arm-none-eabi/4.8.4/armv7e-m/fpu/crtbegin.o
                0x000071ec                PROVIDE (__init_array_end, .)

.fini_array     0x000071ec        0x4
                0x000071ec                PROVIDE (__fini_array_start, .)
 *(SORT(.fini_array.*))
 *(.fini_array*)
 .fini_array    0x000071ec        0x4 c:/freescale/kds_v3/toolchain/bin/../lib/gcc/arm-none-eabi/4.8.4/armv7e-m/fpu/crtbegin.o
                0x000071f0                PROVIDE (__fini_array_end, .)
                0x000071f0                ___ROM_AT = .

.data           0x1fff0000      0x160 load address 0x000071f0
                0x1fff0000                . = ALIGN (0x4)
                0x1fff0000                _sdata = .
 *(.data)
 *(.data*)
 .data.xHeapStructSize
                0x1fff0000        0x4 ./Generated_Code/heap_4.o
 .data.uxCriticalNesting
                0x1fff0004        0x4 ./Generated_Code/port.o
 .data.uxTopUsedPriority
                0x1fff0008        0x4 ./Generated_Code/port.o
                0x1fff0008                uxTopUsedPriority
 .data.g_serial_state_buf
                0x1fff000c        0xc ./Generated_Code/usb_cdc_pstn.o
 .data.g_trf_direction
                0x1fff0018        0x1 ./Generated_Code/usb_dci_kinetis.o
 *fill*         0x1fff0019        0x3 
 .data.g_device_descriptor
                0x1fff001c       0x14 ./Generated_Code/usb_descriptor.o
                0x1fff001c                g_device_descriptor
 .data.g_config_descriptor
                0x1fff0030       0x44 ./Generated_Code/usb_descriptor.o
                0x1fff0030                g_config_descriptor
 .data.USB_STR_0
                0x1fff0074        0x4 ./Generated_Code/usb_descriptor.o
                0x1fff0074                USB_STR_0
 .data.USB_STR_1
                0x1fff0078       0x20 ./Generated_Code/usb_descriptor.o
                0x1fff0078                USB_STR_1
 .data.USB_STR_2
                0x1fff0098       0x20 ./Generated_Code/usb_descriptor.o
                0x1fff0098                USB_STR_2
 .data.USB_STR_3
                0x1fff00b8       0x14 ./Generated_Code/usb_descriptor.o
                0x1fff00b8                USB_STR_3
 .data.USB_STR_n
                0x1fff00cc       0x24 ./Generated_Code/usb_descriptor.o
                0x1fff00cc                USB_STR_n
 .data.g_line_coding
                0x1fff00f0       0x10 ./Generated_Code/usb_descriptor.o
 .data.impure_data
                0x1fff0100       0x60 c:/freescale/kds_v3/toolchain/bin/../lib/gcc/arm-none-eabi/4.8.4/../../../../arm-none-eabi/lib/armv7e-m/fpu\libg_s.a(lib_a-impure.o)
                0x1fff0160                . = ALIGN (0x4)
                0x1fff0160                _edata = .
                0x00000160                ___data_size = (_edata - _sdata)
                0x00007350                ___m_data_20000000_ROMStart = (___ROM_AT + SIZEOF (.data))

.jcr            0x1fff0160        0x0 load address 0x00007350
 .jcr           0x1fff0160        0x0 c:/freescale/kds_v3/toolchain/bin/../lib/gcc/arm-none-eabi/4.8.4/armv7e-m/fpu/crtbegin.o

.igot.plt       0x1fff0160        0x0 load address 0x00007350
 .igot.plt      0x00000000        0x0 c:/freescale/kds_v3/toolchain/bin/../lib/gcc/arm-none-eabi/4.8.4/armv7e-m/fpu/crtbegin.o

.m_data_20000000
                0x20000000        0x0 load address 0x00007350
                0x20000000                . = ALIGN (0x4)
                0x20000000                ___m_data_20000000_RAMStart = .
 *(.m_data_20000000)
                0x20000000                ___m_data_20000000_RAMEnd = .
                0x20000000                . = ALIGN (0x4)
                0x00000000                ___m_data_20000000_ROMSize = (___m_data_20000000_RAMEnd - ___m_data_20000000_RAMStart)
                0x20000000                . = ALIGN (0x4)

.bss            0x1fff0200     0x1c00 load address 0x00007400
                0x1fff0200                __START_BSS = .
                0x1fff0200                PROVIDE (__bss_start__, __START_BSS)
 *(.bss)
 .bss           0x1fff0200       0x1c c:/freescale/kds_v3/toolchain/bin/../lib/gcc/arm-none-eabi/4.8.4/armv7e-m/fpu/crtbegin.o
 *(.bss*)
 .bss.SR_lock   0x1fff021c        0x1 ./Static_Code/System/CPU_Init.o
                0x1fff021c                SR_lock
 *fill*         0x1fff021d        0x3 
 .bss.cmd_buf.8426
                0x1fff0220       0x20 ./Sources/shell.o
 .bss.SerFlag   0x1fff0240        0x1 ./Generated_Code/ADS_SM1.o
 .bss.ErrFlag   0x1fff0241        0x1 ./Generated_Code/ADS_SM1.o
 .bss.ADS_SM1_InpLen
                0x1fff0242        0x2 ./Generated_Code/ADS_SM1.o
 .bss.InpIndexR
                0x1fff0244        0x1 ./Generated_Code/ADS_SM1.o
 .bss.InpIndexW
                0x1fff0245        0x1 ./Generated_Code/ADS_SM1.o
 *fill*         0x1fff0246        0x2 
 .bss.InpBuffer
                0x1fff0248       0x1c ./Generated_Code/ADS_SM1.o
 .bss.BufferRead
                0x1fff0264        0x1 ./Generated_Code/ADS_SM1.o
 *fill*         0x1fff0265        0x1 
 .bss.ADS_SM1_OutLen
                0x1fff0266        0x2 ./Generated_Code/ADS_SM1.o
 .bss.OutIndexR
                0x1fff0268        0x1 ./Generated_Code/ADS_SM1.o
 .bss.OutIndexW
                0x1fff0269        0x1 ./Generated_Code/ADS_SM1.o
 *fill*         0x1fff026a        0x2 
 .bss.OutBuffer
                0x1fff026c       0x10 ./Generated_Code/ADS_SM1.o
 .bss.OnFreeTxBufSemaphore
                0x1fff027c        0x1 ./Generated_Code/ADS_SM1.o
 *fill*         0x1fff027d        0x3 
 .bss.DeviceDataPrv__DEFAULT_RTOS_ALLOC
                0x1fff0280        0x4 ./Generated_Code/BitIoLdd1.o
 .bss.DeviceDataPrv__DEFAULT_RTOS_ALLOC
                0x1fff0284        0x4 ./Generated_Code/BitIoLdd2.o
 .bss.DeviceDataPrv__DEFAULT_RTOS_ALLOC
                0x1fff0288        0x4 ./Generated_Code/BitIoLdd3.o
 .bss.DeviceDataPrv__DEFAULT_RTOS_ALLOC
                0x1fff028c        0x4 ./Generated_Code/BitIoLdd4.o
 .bss.DeviceDataPrv__DEFAULT_RTOS_ALLOC
                0x1fff0290        0x4 ./Generated_Code/BitIoLdd5.o
 .bss.DeviceDataPrv__DEFAULT_RTOS_ALLOC
                0x1fff0294        0x4 ./Generated_Code/BitIoLdd6.o
 .bss.DeviceDataPrv__DEFAULT_RTOS_ALLOC
                0x1fff0298        0x4 ./Generated_Code/BitIoLdd7.o
 .bss.start_app
                0x1fff029c        0x1 ./Generated_Code/CDC1.o
 .bss.start_transactions
                0x1fff029d        0x1 ./Generated_Code/CDC1.o
 .bss.transactionOngoing
                0x1fff029e        0x1 ./Generated_Code/CDC1.o
 *fill*         0x1fff029f        0x1 
 .bss.txBuf.7880
                0x1fff02a0       0x40 ./Generated_Code/CDC1.o
 .bss.txBuf.7890
                0x1fff02e0       0x40 ./Generated_Code/CDC1.o
 .bss.PE_LDD_DeviceDataList
                0x1fff0320       0x20 ./Generated_Code/PE_LDD.o
                0x1fff0320                PE_LDD_DeviceDataList
 .bss.Rx1_buffer
                0x1fff0340       0x40 ./Generated_Code/Rx1.o
 .bss.Rx1_inIdx
                0x1fff0380        0x1 ./Generated_Code/Rx1.o
 .bss.Rx1_outIdx
                0x1fff0381        0x1 ./Generated_Code/Rx1.o
 .bss.Rx1_inSize
                0x1fff0382        0x1 ./Generated_Code/Rx1.o
 *fill*         0x1fff0383        0x1 
 .bss.DeviceDataPrv__DEFAULT_RTOS_ALLOC
                0x1fff0384       0x20 ./Generated_Code/SMasterLdd1.o
 .bss.INT_SPI0__BAREBOARD_RTOS_ISRPARAM
                0x1fff03a4        0x4 ./Generated_Code/SMasterLdd1.o
 .bss.TMOUT1_Counters
                0x1fff03a8        0x4 ./Generated_Code/TMOUT1.o
 .bss.TMOUT1_FreeCounters
                0x1fff03ac        0x4 ./Generated_Code/TMOUT1.o
 .bss.Tx1_buffer
                0x1fff03b0       0x40 ./Generated_Code/Tx1.o
 .bss.Tx1_inIdx
                0x1fff03f0        0x1 ./Generated_Code/Tx1.o
 .bss.Tx1_outIdx
                0x1fff03f1        0x1 ./Generated_Code/Tx1.o
 .bss.Tx1_inSize
                0x1fff03f2        0x1 ./Generated_Code/Tx1.o
 *fill*         0x1fff03f3        0x1 
 .bss.ucHeap    0x1fff03f4      0xfd0 ./Generated_Code/heap_4.o
 .bss.xStart    0x1fff13c4        0x8 ./Generated_Code/heap_4.o
 .bss.pxEnd     0x1fff13cc        0x4 ./Generated_Code/heap_4.o
 .bss.xFreeBytesRemaining
                0x1fff13d0        0x4 ./Generated_Code/heap_4.o
 .bss.xMinimumEverFreeBytesRemaining
                0x1fff13d4        0x4 ./Generated_Code/heap_4.o
 .bss.xBlockAllocatedBit
                0x1fff13d8        0x4 ./Generated_Code/heap_4.o
 .bss.ucMaxSysCallPriority
                0x1fff13dc        0x1 ./Generated_Code/port.o
 *fill*         0x1fff13dd        0x3 
 .bss.ulMaxPRIGROUPValue
                0x1fff13e0        0x4 ./Generated_Code/port.o
 .bss.pxCurrentTCB
                0x1fff13e4        0x4 ./Generated_Code/tasks.o
                0x1fff13e4                pxCurrentTCB
 .bss.uxCurrentNumberOfTasks
                0x1fff13e8        0x4 ./Generated_Code/tasks.o
                0x1fff13e8                uxCurrentNumberOfTasks
 .bss.xTickCount
                0x1fff13ec        0x4 ./Generated_Code/tasks.o
 .bss.uxTopReadyPriority
                0x1fff13f0        0x4 ./Generated_Code/tasks.o
                0x1fff13f0                uxTopReadyPriority
 .bss.xSchedulerRunning
                0x1fff13f4        0x4 ./Generated_Code/tasks.o
                0x1fff13f4                xSchedulerRunning
 .bss.uxPendedTicks
                0x1fff13f8        0x4 ./Generated_Code/tasks.o
 .bss.xYieldPending
                0x1fff13fc        0x4 ./Generated_Code/tasks.o
 .bss.xNumOfOverflows
                0x1fff1400        0x4 ./Generated_Code/tasks.o
 .bss.uxTaskNumber
                0x1fff1404        0x4 ./Generated_Code/tasks.o
 .bss.xNextTaskUnblockTime
                0x1fff1408        0x4 ./Generated_Code/tasks.o
 .bss.xIdleTaskHandle
                0x1fff140c        0x4 ./Generated_Code/tasks.o
 .bss.uxSchedulerSuspended
                0x1fff1410        0x4 ./Generated_Code/tasks.o
 .bss.ulTaskSwitchedInTime
                0x1fff1414        0x4 ./Generated_Code/tasks.o
 .bss.ulTotalRunTime
                0x1fff1418        0x4 ./Generated_Code/tasks.o
 .bss.g_cdc_class_callback
                0x1fff141c        0x4 ./Generated_Code/usb_cdc.o
 .bss.g_vendor_req_callback
                0x1fff1420        0x4 ./Generated_Code/usb_cdc.o
 .bss.g_cdc_ep  0x1fff1424       0x9c ./Generated_Code/usb_cdc.o
 .bss.g_pstn_callback
                0x1fff14c0        0x4 ./Generated_Code/usb_cdc_pstn.o
 .bss.g_dte_present
                0x1fff14c4        0x1 ./Generated_Code/usb_cdc_pstn.o
 .bss.g_dte_status
                0x1fff14c5        0x1 ./Generated_Code/usb_cdc_pstn.o
 .bss.g_break_duration
                0x1fff14c6        0x2 ./Generated_Code/usb_cdc_pstn.o
 .bss.g_current_interface
                0x1fff14c8        0x1 ./Generated_Code/usb_cdc_pstn.o
 *fill*         0x1fff14c9        0x3 
 .bss.g_uart_bitmap
                0x1fff14cc        0x4 ./Generated_Code/usb_cdc_pstn.o
 .bss.g_class_callback
                0x1fff14d0        0x4 ./Generated_Code/usb_class.o
 .bss.g_device_state_before_suspend
                0x1fff14d4        0x1 ./Generated_Code/usb_class.o
 *fill*         0x1fff14d5        0x3 
 .bss.g_bdtmap  0x1fff14d8        0x4 ./Generated_Code/usb_dci_kinetis.o
                0x1fff14d8                g_bdtmap
 .bss.g_bdt_elem
                0x1fff14dc      0x240 ./Generated_Code/usb_dci_kinetis.o
 .bss.g_dci_controller_Id
                0x1fff171c        0x1 ./Generated_Code/usb_dci_kinetis.o
 *fill*         0x1fff171d        0x3 
 .bss.g_bdt_address
                0x1fff1720        0x4 ./Generated_Code/usb_dci_kinetis.o
 .bss.g_abstract_state
                0x1fff1724        0x4 ./Generated_Code/usb_descriptor.o
 .bss.g_country_code
                0x1fff1728        0x4 ./Generated_Code/usb_descriptor.o
 .bss.g_alternate_interface
                0x1fff172c        0x4 ./Generated_Code/usb_descriptor.o
 .bss.g_usb_component_status
                0x1fff1730        0x8 ./Generated_Code/usb_driver.o
 .bss.g_usb_ep_status
                0x1fff1738        0x8 ./Generated_Code/usb_driver.o
 .bss.g_EPn     0x1fff1740        0x1 ./Generated_Code/usb_driver.o
 .bss.g_EPn_max
                0x1fff1741        0x1 ./Generated_Code/usb_driver.o
 *fill*         0x1fff1742        0x2 
 .bss.g_setup_pkt
                0x1fff1744        0x8 ./Generated_Code/usb_framework.o
 .bss.g_std_framework_data
                0x1fff174c        0x2 ./Generated_Code/usb_framework.o
 .bss.g_assigned_address
                0x1fff174e        0x1 ./Generated_Code/usb_framework.o
 *fill*         0x1fff174f        0x1 
 .bss.g_framework_callback
                0x1fff1750        0x4 ./Generated_Code/usb_framework.o
 .bss.g_other_req_callback
                0x1fff1754        0x4 ./Generated_Code/usb_framework.o
 .bss.ext_req_to_host
                0x1fff1758       0x28 ./Generated_Code/usb_framework.o
 *(COMMON)
 COMMON         0x1fff1780        0x1 ./Static_Code/System/CPU_Init.o
                0x1fff1780                SR_reg
 *fill*         0x1fff1781        0x3 
 COMMON         0x1fff1784        0x8 ./Sources/ADS1298.o
                0x1fff1784                enable_sampling
                0x1fff1785                ErrorCode
                0x1fff1788                status
 COMMON         0x1fff178c        0x4 ./Generated_Code/ADS_SM1.o
                0x1fff178c                SMasterLdd1_DeviceDataPtr
 COMMON         0x1fff1790       0xd0 ./Generated_Code/tasks.o
                0x1fff1790                pxReadyTasksLists
                0x1fff1808                xPendingReadyList
                0x1fff181c                xSuspendedTaskList
                0x1fff1830                pxDelayedTaskList
                0x1fff1834                pxOverflowDelayedTaskList
                0x1fff1838                xDelayedTaskList1
                0x1fff184c                xDelayedTaskList2
 *fill*         0x1fff1860      0x1a0 
 COMMON         0x1fff1a00      0x400 ./Generated_Code/usb_dci_kinetis.o
                0x1fff1a00                g_Mem
                0x1fff1e00                . = ALIGN (0x4)
                0x1fff1e00                __END_BSS = .
                0x1fff1e00                PROVIDE (__bss_end__, __END_BSS)
                0x00007350                _romp_at = ((___ROM_AT + SIZEOF (.data)) + SIZEOF (.m_data_20000000))

.romp           0x1fff1e00       0x24 load address 0x00007350
                0x00007350                __S_romp = _romp_at
                0x1fff1e00        0x4 LONG 0x71f0 ___ROM_AT
                0x1fff1e04        0x4 LONG 0x1fff0000 _sdata
                0x1fff1e08        0x4 LONG 0x160 ___data_size
                0x1fff1e0c        0x4 LONG 0x7350 ___m_data_20000000_ROMStart
                0x1fff1e10        0x4 LONG 0x20000000 ___m_data_20000000_RAMStart
                0x1fff1e14        0x4 LONG 0x0 ___m_data_20000000_ROMSize
                0x1fff1e18        0x4 LONG 0x0
                0x1fff1e1c        0x4 LONG 0x0
                0x1fff1e20        0x4 LONG 0x0
                0x00080000                text_end = (ORIGIN (m_text) + 0x7fbf0)
                0x00007374                data_init_end = ((___m_data_20000000_ROMStart + SIZEOF (.m_data_20000000)) + SIZEOF (.romp))
                0x00000001                ASSERT ((data_init_end <= text_end), region m_text overflowed with text and data)

._user_heap_stack
                0x1fff1e24      0x400 load address 0x00007374
                0x1fff1e24                . = ALIGN (0x4)
                0x1fff1e24                PROVIDE (end, .)
                0x1fff1e24                PROVIDE (_end, .)
                0x1fff1e24                PROVIDE (__end__, .)
                0x1fff1e24                __heap_addr = .
                0x1fff1e24                __HeapBase = .
                0x1fff1e24                . = (. + __heap_size)
                0x1fff1e24                __HeapLimit = .
                0x1fff2224                . = (. + __stack_size)
 *fill*         0x1fff1e24      0x400 
                0x1fff2224                . = ALIGN (0x4)

.ARM.attributes
                0x00000000       0x30
 *(.ARM.attributes)
 .ARM.attributes
                0x00000000       0x22 c:/freescale/kds_v3/toolchain/bin/../lib/gcc/arm-none-eabi/4.8.4/armv7e-m/fpu/crti.o
 .ARM.attributes
                0x00000022       0x34 c:/freescale/kds_v3/toolchain/bin/../lib/gcc/arm-none-eabi/4.8.4/armv7e-m/fpu/crtbegin.o
 .ARM.attributes
                0x00000056       0x20 c:/freescale/kds_v3/toolchain/bin/../lib/gcc/arm-none-eabi/4.8.4/../../../../arm-none-eabi/lib/armv7e-m/fpu/crt0.o
 .ARM.attributes
                0x00000076       0x39 ./Static_Code/System/CPU_Init.o
 .ARM.attributes
                0x000000af       0x39 ./Static_Code/System/Peripherals_Init.o
 .ARM.attributes
                0x000000e8       0x39 ./Static_Code/System/Vectors.o
 .ARM.attributes
                0x00000121       0x39 ./Static_Code/Peripherals/USB0_Init.o
 .ARM.attributes
                0x0000015a       0x39 ./Sources/ADS1298.o
 .ARM.attributes
                0x00000193       0x39 ./Sources/Application.o
 .ARM.attributes
                0x000001cc       0x39 ./Sources/Events.o
 .ARM.attributes
                0x00000205       0x39 ./Sources/main.o
 .ARM.attributes
                0x0000023e       0x39 ./Sources/shell.o
 .ARM.attributes
                0x00000277       0x39 ./Project_Settings/Startup_Code/startup.o
 .ARM.attributes
                0x000002b0       0x39 ./Generated_Code/ADS_SM1.o
 .ARM.attributes
                0x000002e9       0x39 ./Generated_Code/BitIoLdd1.o
 .ARM.attributes
                0x00000322       0x39 ./Generated_Code/BitIoLdd2.o
 .ARM.attributes
                0x0000035b       0x39 ./Generated_Code/BitIoLdd3.o
 .ARM.attributes
                0x00000394       0x39 ./Generated_Code/BitIoLdd4.o
 .ARM.attributes
                0x000003cd       0x39 ./Generated_Code/BitIoLdd5.o
 .ARM.attributes
                0x00000406       0x39 ./Generated_Code/BitIoLdd6.o
 .ARM.attributes
                0x0000043f       0x39 ./Generated_Code/BitIoLdd7.o
 .ARM.attributes
                0x00000478       0x39 ./Generated_Code/Blue_LED.o
 .ARM.attributes
                0x000004b1       0x39 ./Generated_Code/CDC1.o
 .ARM.attributes
                0x000004ea       0x39 ./Generated_Code/CLS1.o
 .ARM.attributes
                0x00000523       0x39 ./Generated_Code/CS1.o
 .ARM.attributes
                0x0000055c       0x39 ./Generated_Code/Cpu.o
 .ARM.attributes
                0x00000595       0x39 ./Generated_Code/FRTOS1.o
 .ARM.attributes
                0x000005ce       0x39 ./Generated_Code/Green_LED.o
 .ARM.attributes
                0x00000607       0x39 ./Generated_Code/MCUC1.o
 .ARM.attributes
                0x00000640       0x39 ./Generated_Code/PE_LDD.o
 .ARM.attributes
                0x00000679       0x39 ./Generated_Code/Rx1.o
 .ARM.attributes
                0x000006b2       0x39 ./Generated_Code/SMasterLdd1.o
 .ARM.attributes
                0x000006eb       0x39 ./Generated_Code/TMOUT1.o
 .ARM.attributes
                0x00000724       0x39 ./Generated_Code/Tx1.o
 .ARM.attributes
                0x0000075d       0x39 ./Generated_Code/USB1.o
 .ARM.attributes
                0x00000796       0x39 ./Generated_Code/UTIL1.o
 .ARM.attributes
                0x000007cf       0x39 ./Generated_Code/WAIT1.o
 .ARM.attributes
                0x00000808       0x39 ./Generated_Code/XF1.o
 .ARM.attributes
                0x00000841       0x39 ./Generated_Code/heap_4.o
 .ARM.attributes
                0x0000087a       0x39 ./Generated_Code/list.o
 .ARM.attributes
                0x000008b3       0x39 ./Generated_Code/port.o
 .ARM.attributes
                0x000008ec       0x39 ./Generated_Code/tasks.o
 .ARM.attributes
                0x00000925       0x39 ./Generated_Code/usb_cdc.o
 .ARM.attributes
                0x0000095e       0x39 ./Generated_Code/usb_cdc_pstn.o
 .ARM.attributes
                0x00000997       0x39 ./Generated_Code/usb_class.o
 .ARM.attributes
                0x000009d0       0x39 ./Generated_Code/usb_dci_kinetis.o
 .ARM.attributes
                0x00000a09       0x39 ./Generated_Code/usb_descriptor.o
 .ARM.attributes
                0x00000a42       0x39 ./Generated_Code/usb_driver.o
 .ARM.attributes
                0x00000a7b       0x39 ./Generated_Code/usb_framework.o
 .ARM.attributes
                0x00000ab4       0x39 ./Generated_Code/wdt_kinetis.o
 .ARM.attributes
                0x00000aed       0x34 c:/freescale/kds_v3/toolchain/bin/../lib/gcc/arm-none-eabi/4.8.4/../../../../arm-none-eabi/lib/armv7e-m/fpu\libg_s.a(lib_a-exit.o)
 .ARM.attributes
                0x00000b21       0x34 c:/freescale/kds_v3/toolchain/bin/../lib/gcc/arm-none-eabi/4.8.4/../../../../arm-none-eabi/lib/armv7e-m/fpu\libg_s.a(lib_a-impure.o)
 .ARM.attributes
                0x00000b55       0x34 c:/freescale/kds_v3/toolchain/bin/../lib/gcc/arm-none-eabi/4.8.4/../../../../arm-none-eabi/lib/armv7e-m/fpu\libg_s.a(lib_a-init.o)
 .ARM.attributes
                0x00000b89       0x34 c:/freescale/kds_v3/toolchain/bin/../lib/gcc/arm-none-eabi/4.8.4/../../../../arm-none-eabi/lib/armv7e-m/fpu\libg_s.a(lib_a-memcpy-stub.o)
 .ARM.attributes
                0x00000bbd       0x34 c:/freescale/kds_v3/toolchain/bin/../lib/gcc/arm-none-eabi/4.8.4/../../../../arm-none-eabi/lib/armv7e-m/fpu\libg_s.a(lib_a-memset.o)
 .ARM.attributes
                0x00000bf1       0x34 c:/freescale/kds_v3/toolchain/bin/../lib/gcc/arm-none-eabi/4.8.4/../../../../arm-none-eabi/lib/armv7e-m/fpu\libnosys.a(_exit.o)
 .ARM.attributes
                0x00000c25       0x22 c:/freescale/kds_v3/toolchain/bin/../lib/gcc/arm-none-eabi/4.8.4/armv7e-m/fpu/crtn.o
OUTPUT(EKG_Dongle.elf elf32-littlearm)

.debug_info     0x00000000    0x105c2
 .debug_info    0x00000000      0xab9 ./Static_Code/System/CPU_Init.o
 .debug_info    0x00000ab9       0x96 ./Static_Code/System/Peripherals_Init.o
 .debug_info    0x00000b4f      0x826 ./Static_Code/System/Vectors.o
 .debug_info    0x00001375      0x4ad ./Static_Code/Peripherals/USB0_Init.o
 .debug_info    0x00001822      0x2ad ./Sources/ADS1298.o
 .debug_info    0x00001acf      0x168 ./Sources/Application.o
 .debug_info    0x00001c37      0x195 ./Sources/Events.o
 .debug_info    0x00001dcc       0xc3 ./Sources/main.o
 .debug_info    0x00001e8f      0x259 ./Sources/shell.o
 .debug_info    0x000020e8      0x3b0 ./Project_Settings/Startup_Code/startup.o
 .debug_info    0x00002498      0x5a9 ./Generated_Code/ADS_SM1.o
 .debug_info    0x00002a41      0x503 ./Generated_Code/BitIoLdd1.o
 .debug_info    0x00002f44      0x4f5 ./Generated_Code/BitIoLdd2.o
 .debug_info    0x00003439      0x503 ./Generated_Code/BitIoLdd3.o
 .debug_info    0x0000393c      0x539 ./Generated_Code/BitIoLdd4.o
 .debug_info    0x00003e75      0x539 ./Generated_Code/BitIoLdd5.o
 .debug_info    0x000043ae      0x539 ./Generated_Code/BitIoLdd6.o
 .debug_info    0x000048e7      0x4f5 ./Generated_Code/BitIoLdd7.o
 .debug_info    0x00004ddc      0x104 ./Generated_Code/Blue_LED.o
 .debug_info    0x00004ee0      0x655 ./Generated_Code/CDC1.o
 .debug_info    0x00005535      0xb12 ./Generated_Code/CLS1.o
 .debug_info    0x00006047       0xa7 ./Generated_Code/CS1.o
 .debug_info    0x000060ee      0x3ce ./Generated_Code/Cpu.o
 .debug_info    0x000064bc      0x114 ./Generated_Code/FRTOS1.o
 .debug_info    0x000065d0      0x104 ./Generated_Code/Green_LED.o
 .debug_info    0x000066d4       0xa7 ./Generated_Code/MCUC1.o
 .debug_info    0x0000677b      0x251 ./Generated_Code/PE_LDD.o
 .debug_info    0x000069cc      0x3f6 ./Generated_Code/Rx1.o
 .debug_info    0x00006dc2      0x843 ./Generated_Code/SMasterLdd1.o
 .debug_info    0x00007605      0x2bb ./Generated_Code/TMOUT1.o
 .debug_info    0x000078c0      0x3f6 ./Generated_Code/Tx1.o
 .debug_info    0x00007cb6      0x257 ./Generated_Code/USB1.o
 .debug_info    0x00007f0d     0x1ad7 ./Generated_Code/UTIL1.o
 .debug_info    0x000099e4      0x170 ./Generated_Code/WAIT1.o
 .debug_info    0x00009b54      0x802 ./Generated_Code/XF1.o
 .debug_info    0x0000a356      0x306 ./Generated_Code/heap_4.o
 .debug_info    0x0000a65c      0x2b3 ./Generated_Code/list.o
 .debug_info    0x0000a90f      0x3df ./Generated_Code/port.o
 .debug_info    0x0000acee     0x1ad3 ./Generated_Code/tasks.o
 .debug_info    0x0000c7c1      0x794 ./Generated_Code/usb_cdc.o
 .debug_info    0x0000cf55      0x529 ./Generated_Code/usb_cdc_pstn.o
 .debug_info    0x0000d47e      0x4d0 ./Generated_Code/usb_class.o
 .debug_info    0x0000d94e     0x13f3 ./Generated_Code/usb_dci_kinetis.o
 .debug_info    0x0000ed41      0x826 ./Generated_Code/usb_descriptor.o
 .debug_info    0x0000f567      0x54c ./Generated_Code/usb_driver.o
 .debug_info    0x0000fab3      0x9a2 ./Generated_Code/usb_framework.o
 .debug_info    0x00010455      0x16d ./Generated_Code/wdt_kinetis.o

.debug_abbrev   0x00000000     0x3bc8
 .debug_abbrev  0x00000000      0x1bf ./Static_Code/System/CPU_Init.o
 .debug_abbrev  0x000001bf       0x45 ./Static_Code/System/Peripherals_Init.o
 .debug_abbrev  0x00000204       0xd8 ./Static_Code/System/Vectors.o
 .debug_abbrev  0x000002dc       0xe0 ./Static_Code/Peripherals/USB0_Init.o
 .debug_abbrev  0x000003bc      0x14a ./Sources/ADS1298.o
 .debug_abbrev  0x00000506       0xd3 ./Sources/Application.o
 .debug_abbrev  0x000005d9       0x9e ./Sources/Events.o
 .debug_abbrev  0x00000677       0x58 ./Sources/main.o
 .debug_abbrev  0x000006cf      0x13c ./Sources/shell.o
 .debug_abbrev  0x0000080b      0x189 ./Project_Settings/Startup_Code/startup.o
 .debug_abbrev  0x00000994      0x1e2 ./Generated_Code/ADS_SM1.o
 .debug_abbrev  0x00000b76      0x15d ./Generated_Code/BitIoLdd1.o
 .debug_abbrev  0x00000cd3      0x14e ./Generated_Code/BitIoLdd2.o
 .debug_abbrev  0x00000e21      0x15d ./Generated_Code/BitIoLdd3.o
 .debug_abbrev  0x00000f7e      0x186 ./Generated_Code/BitIoLdd4.o
 .debug_abbrev  0x00001104      0x186 ./Generated_Code/BitIoLdd5.o
 .debug_abbrev  0x0000128a      0x186 ./Generated_Code/BitIoLdd6.o
 .debug_abbrev  0x00001410      0x14e ./Generated_Code/BitIoLdd7.o
 .debug_abbrev  0x0000155e       0xc6 ./Generated_Code/Blue_LED.o
 .debug_abbrev  0x00001624      0x1e9 ./Generated_Code/CDC1.o
 .debug_abbrev  0x0000180d      0x20e ./Generated_Code/CLS1.o
 .debug_abbrev  0x00001a1b       0x45 ./Generated_Code/CS1.o
 .debug_abbrev  0x00001a60       0xde ./Generated_Code/Cpu.o
 .debug_abbrev  0x00001b3e       0x9c ./Generated_Code/FRTOS1.o
 .debug_abbrev  0x00001bda       0xc6 ./Generated_Code/Green_LED.o
 .debug_abbrev  0x00001ca0       0x45 ./Generated_Code/MCUC1.o
 .debug_abbrev  0x00001ce5      0x10d ./Generated_Code/PE_LDD.o
 .debug_abbrev  0x00001df2      0x189 ./Generated_Code/Rx1.o
 .debug_abbrev  0x00001f7b      0x1c3 ./Generated_Code/SMasterLdd1.o
 .debug_abbrev  0x0000213e       0xf8 ./Generated_Code/TMOUT1.o
 .debug_abbrev  0x00002236      0x189 ./Generated_Code/Tx1.o
 .debug_abbrev  0x000023bf      0x10b ./Generated_Code/USB1.o
 .debug_abbrev  0x000024ca      0x1b6 ./Generated_Code/UTIL1.o
 .debug_abbrev  0x00002680       0xb1 ./Generated_Code/WAIT1.o
 .debug_abbrev  0x00002731      0x1ff ./Generated_Code/XF1.o
 .debug_abbrev  0x00002930      0x17c ./Generated_Code/heap_4.o
 .debug_abbrev  0x00002aac       0xc8 ./Generated_Code/list.o
 .debug_abbrev  0x00002b74      0x15b ./Generated_Code/port.o
 .debug_abbrev  0x00002ccf      0x265 ./Generated_Code/tasks.o
 .debug_abbrev  0x00002f34      0x1ae ./Generated_Code/usb_cdc.o
 .debug_abbrev  0x000030e2      0x181 ./Generated_Code/usb_cdc_pstn.o
 .debug_abbrev  0x00003263      0x170 ./Generated_Code/usb_class.o
 .debug_abbrev  0x000033d3      0x2a7 ./Generated_Code/usb_dci_kinetis.o
 .debug_abbrev  0x0000367a      0x120 ./Generated_Code/usb_descriptor.o
 .debug_abbrev  0x0000379a      0x192 ./Generated_Code/usb_driver.o
 .debug_abbrev  0x0000392c      0x20f ./Generated_Code/usb_framework.o
 .debug_abbrev  0x00003b3b       0x8d ./Generated_Code/wdt_kinetis.o

.debug_aranges  0x00000000     0x16b8
 .debug_aranges
                0x00000000       0x40 ./Static_Code/System/CPU_Init.o
 .debug_aranges
                0x00000040       0x20 ./Static_Code/System/Peripherals_Init.o
 .debug_aranges
                0x00000060      0x340 ./Static_Code/System/Vectors.o
 .debug_aranges
                0x000003a0       0x20 ./Static_Code/Peripherals/USB0_Init.o
 .debug_aranges
                0x000003c0       0x58 ./Sources/ADS1298.o
 .debug_aranges
                0x00000418       0x30 ./Sources/Application.o
 .debug_aranges
                0x00000448       0x68 ./Sources/Events.o
 .debug_aranges
                0x000004b0       0x20 ./Sources/main.o
 .debug_aranges
                0x000004d0       0x50 ./Sources/shell.o
 .debug_aranges
                0x00000520       0x50 ./Project_Settings/Startup_Code/startup.o
 .debug_aranges
                0x00000570       0x88 ./Generated_Code/ADS_SM1.o
 .debug_aranges
                0x000005f8       0x40 ./Generated_Code/BitIoLdd1.o
 .debug_aranges
                0x00000638       0x40 ./Generated_Code/BitIoLdd2.o
 .debug_aranges
                0x00000678       0x40 ./Generated_Code/BitIoLdd3.o
 .debug_aranges
                0x000006b8       0x48 ./Generated_Code/BitIoLdd4.o
 .debug_aranges
                0x00000700       0x48 ./Generated_Code/BitIoLdd5.o
 .debug_aranges
                0x00000748       0x48 ./Generated_Code/BitIoLdd6.o
 .debug_aranges
                0x00000790       0x40 ./Generated_Code/BitIoLdd7.o
 .debug_aranges
                0x000007d0       0x30 ./Generated_Code/Blue_LED.o
 .debug_aranges
                0x00000800       0xb0 ./Generated_Code/CDC1.o
 .debug_aranges
                0x000008b0      0x130 ./Generated_Code/CLS1.o
 .debug_aranges
                0x000009e0       0x28 ./Generated_Code/CS1.o
 .debug_aranges
                0x00000a08       0x30 ./Generated_Code/Cpu.o
 .debug_aranges
                0x00000a38       0x38 ./Generated_Code/FRTOS1.o
 .debug_aranges
                0x00000a70       0x30 ./Generated_Code/Green_LED.o
 .debug_aranges
                0x00000aa0       0x28 ./Generated_Code/MCUC1.o
 .debug_aranges
                0x00000ac8       0x30 ./Generated_Code/PE_LDD.o
 .debug_aranges
                0x00000af8       0x78 ./Generated_Code/Rx1.o
 .debug_aranges
                0x00000b70       0x38 ./Generated_Code/SMasterLdd1.o
 .debug_aranges
                0x00000ba8       0x50 ./Generated_Code/TMOUT1.o
 .debug_aranges
                0x00000bf8       0x78 ./Generated_Code/Tx1.o
 .debug_aranges
                0x00000c70       0x38 ./Generated_Code/USB1.o
 .debug_aranges
                0x00000ca8      0x248 ./Generated_Code/UTIL1.o
 .debug_aranges
                0x00000ef0       0x50 ./Generated_Code/WAIT1.o
 .debug_aranges
                0x00000f40       0x90 ./Generated_Code/XF1.o
 .debug_aranges
                0x00000fd0       0x50 ./Generated_Code/heap_4.o
 .debug_aranges
                0x00001020       0x40 ./Generated_Code/list.o
 .debug_aranges
                0x00001060       0xa0 ./Generated_Code/port.o
 .debug_aranges
                0x00001100      0x210 ./Generated_Code/tasks.o
 .debug_aranges
                0x00001310       0x58 ./Generated_Code/usb_cdc.o
 .debug_aranges
                0x00001368       0x58 ./Generated_Code/usb_cdc_pstn.o
 .debug_aranges
                0x000013c0       0x70 ./Generated_Code/usb_class.o
 .debug_aranges
                0x00001430       0xc8 ./Generated_Code/usb_dci_kinetis.o
 .debug_aranges
                0x000014f8       0x80 ./Generated_Code/usb_descriptor.o
 .debug_aranges
                0x00001578       0x70 ./Generated_Code/usb_driver.o
 .debug_aranges
                0x000015e8       0xb0 ./Generated_Code/usb_framework.o
 .debug_aranges
                0x00001698       0x20 ./Generated_Code/wdt_kinetis.o

.debug_ranges   0x00000000     0x13c8
 .debug_ranges  0x00000000       0x30 ./Static_Code/System/CPU_Init.o
 .debug_ranges  0x00000030       0x10 ./Static_Code/System/Peripherals_Init.o
 .debug_ranges  0x00000040      0x330 ./Static_Code/System/Vectors.o
 .debug_ranges  0x00000370       0x10 ./Static_Code/Peripherals/USB0_Init.o
 .debug_ranges  0x00000380       0x48 ./Sources/ADS1298.o
 .debug_ranges  0x000003c8       0x20 ./Sources/Application.o
 .debug_ranges  0x000003e8       0x58 ./Sources/Events.o
 .debug_ranges  0x00000440       0x10 ./Sources/main.o
 .debug_ranges  0x00000450       0x40 ./Sources/shell.o
 .debug_ranges  0x00000490       0x40 ./Project_Settings/Startup_Code/startup.o
 .debug_ranges  0x000004d0       0x78 ./Generated_Code/ADS_SM1.o
 .debug_ranges  0x00000548       0x30 ./Generated_Code/BitIoLdd1.o
 .debug_ranges  0x00000578       0x30 ./Generated_Code/BitIoLdd2.o
 .debug_ranges  0x000005a8       0x30 ./Generated_Code/BitIoLdd3.o
 .debug_ranges  0x000005d8       0x38 ./Generated_Code/BitIoLdd4.o
 .debug_ranges  0x00000610       0x38 ./Generated_Code/BitIoLdd5.o
 .debug_ranges  0x00000648       0x38 ./Generated_Code/BitIoLdd6.o
 .debug_ranges  0x00000680       0x30 ./Generated_Code/BitIoLdd7.o
 .debug_ranges  0x000006b0       0x20 ./Generated_Code/Blue_LED.o
 .debug_ranges  0x000006d0       0xa0 ./Generated_Code/CDC1.o
 .debug_ranges  0x00000770      0x120 ./Generated_Code/CLS1.o
 .debug_ranges  0x00000890       0x18 ./Generated_Code/CS1.o
 .debug_ranges  0x000008a8       0x20 ./Generated_Code/Cpu.o
 .debug_ranges  0x000008c8       0x28 ./Generated_Code/FRTOS1.o
 .debug_ranges  0x000008f0       0x20 ./Generated_Code/Green_LED.o
 .debug_ranges  0x00000910       0x18 ./Generated_Code/MCUC1.o
 .debug_ranges  0x00000928       0x20 ./Generated_Code/PE_LDD.o
 .debug_ranges  0x00000948       0x68 ./Generated_Code/Rx1.o
 .debug_ranges  0x000009b0       0x28 ./Generated_Code/SMasterLdd1.o
 .debug_ranges  0x000009d8       0x40 ./Generated_Code/TMOUT1.o
 .debug_ranges  0x00000a18       0x68 ./Generated_Code/Tx1.o
 .debug_ranges  0x00000a80       0x28 ./Generated_Code/USB1.o
 .debug_ranges  0x00000aa8      0x238 ./Generated_Code/UTIL1.o
 .debug_ranges  0x00000ce0       0x40 ./Generated_Code/WAIT1.o
 .debug_ranges  0x00000d20       0x80 ./Generated_Code/XF1.o
 .debug_ranges  0x00000da0       0x40 ./Generated_Code/heap_4.o
 .debug_ranges  0x00000de0       0x30 ./Generated_Code/list.o
 .debug_ranges  0x00000e10       0x90 ./Generated_Code/port.o
 .debug_ranges  0x00000ea0      0x200 ./Generated_Code/tasks.o
 .debug_ranges  0x000010a0       0x48 ./Generated_Code/usb_cdc.o
 .debug_ranges  0x000010e8       0x48 ./Generated_Code/usb_cdc_pstn.o
 .debug_ranges  0x00001130       0x60 ./Generated_Code/usb_class.o
 .debug_ranges  0x00001190       0xb8 ./Generated_Code/usb_dci_kinetis.o
 .debug_ranges  0x00001248       0x70 ./Generated_Code/usb_descriptor.o
 .debug_ranges  0x000012b8       0x60 ./Generated_Code/usb_driver.o
 .debug_ranges  0x00001318       0xa0 ./Generated_Code/usb_framework.o
 .debug_ranges  0x000013b8       0x10 ./Generated_Code/wdt_kinetis.o

.debug_macro    0x00000000    0x327f2
 .debug_macro   0x00000000      0x548 ./Static_Code/System/CPU_Init.o
 .debug_macro   0x00000548      0x850 ./Static_Code/System/CPU_Init.o
 .debug_macro   0x00000d98       0x16 ./Static_Code/System/CPU_Init.o
 .debug_macro   0x00000dae       0x44 ./Static_Code/System/CPU_Init.o
 .debug_macro   0x00000df2      0x209 ./Static_Code/System/CPU_Init.o
 .debug_macro   0x00000ffb     0x17a6 ./Static_Code/System/CPU_Init.o
 .debug_macro   0x000027a1     0xbca7 ./Static_Code/System/CPU_Init.o
 .debug_macro   0x0000e448      0x4cc ./Static_Code/System/CPU_Init.o
 .debug_macro   0x0000e914      0x123 ./Static_Code/System/CPU_Init.o
 .debug_macro   0x0000ea37       0x12 ./Static_Code/System/CPU_Init.o
 .debug_macro   0x0000ea49      0x14e ./Static_Code/System/CPU_Init.o
 .debug_macro   0x0000eb97       0x6a ./Static_Code/System/CPU_Init.o
 .debug_macro   0x0000ec01       0x58 ./Static_Code/System/CPU_Init.o
 .debug_macro   0x0000ec59       0x35 ./Static_Code/System/CPU_Init.o
 .debug_macro   0x0000ec8e       0xa3 ./Static_Code/System/CPU_Init.o
 .debug_macro   0x0000ed31       0x16 ./Static_Code/System/CPU_Init.o
 .debug_macro   0x0000ed47       0x88 ./Static_Code/System/CPU_Init.o
 .debug_macro   0x0000edcf       0x16 ./Static_Code/System/CPU_Init.o
 .debug_macro   0x0000ede5       0x37 ./Static_Code/System/CPU_Init.o
 .debug_macro   0x0000ee1c       0x94 ./Static_Code/System/CPU_Init.o
 .debug_macro   0x0000eeb0      0x642 ./Static_Code/System/CPU_Init.o
 .debug_macro   0x0000f4f2       0x3c ./Static_Code/System/CPU_Init.o
 .debug_macro   0x0000f52e       0x27 ./Static_Code/System/CPU_Init.o
 .debug_macro   0x0000f555      0x132 ./Static_Code/System/CPU_Init.o
 .debug_macro   0x0000f687       0x40 ./Static_Code/System/CPU_Init.o
 .debug_macro   0x0000f6c7       0x1f ./Static_Code/System/CPU_Init.o
 .debug_macro   0x0000f6e6       0x4c ./Static_Code/System/CPU_Init.o
 .debug_macro   0x0000f732       0x26 ./Static_Code/System/CPU_Init.o
 .debug_macro   0x0000f758       0x4c ./Static_Code/System/CPU_Init.o
 .debug_macro   0x0000f7a4       0x26 ./Static_Code/System/CPU_Init.o
 .debug_macro   0x0000f7ca       0x4c ./Static_Code/System/CPU_Init.o
 .debug_macro   0x0000f816       0x26 ./Static_Code/System/CPU_Init.o
 .debug_macro   0x0000f83c       0x1c ./Static_Code/System/CPU_Init.o
 .debug_macro   0x0000f858       0x29 ./Static_Code/System/CPU_Init.o
 .debug_macro   0x0000f881       0x1c ./Static_Code/System/CPU_Init.o
 .debug_macro   0x0000f89d      0x166 ./Static_Code/System/CPU_Init.o
 .debug_macro   0x0000fa03       0x52 ./Static_Code/System/CPU_Init.o
 .debug_macro   0x0000fa55       0x16 ./Static_Code/System/CPU_Init.o
 .debug_macro   0x0000fa6b       0x43 ./Static_Code/System/CPU_Init.o
 .debug_macro   0x0000faae      0x180 ./Static_Code/System/CPU_Init.o
 .debug_macro   0x0000fc2e      0x2a6 ./Static_Code/System/CPU_Init.o
 .debug_macro   0x0000fed4       0x10 ./Static_Code/System/CPU_Init.o
 .debug_macro   0x0000fee4       0x35 ./Static_Code/System/CPU_Init.o
 .debug_macro   0x0000ff19       0x19 ./Static_Code/System/CPU_Init.o
 .debug_macro   0x0000ff32       0x22 ./Static_Code/System/CPU_Init.o
 .debug_macro   0x0000ff54       0x58 ./Static_Code/System/CPU_Init.o
 .debug_macro   0x0000ffac       0xf4 ./Static_Code/System/CPU_Init.o
 .debug_macro   0x000100a0      0x231 ./Static_Code/System/CPU_Init.o
 .debug_macro   0x000102d1      0x15a ./Static_Code/System/CPU_Init.o
 .debug_macro   0x0001042b       0xef ./Static_Code/System/CPU_Init.o
 .debug_macro   0x0001051a       0x10 ./Static_Code/System/CPU_Init.o
 .debug_macro   0x0001052a       0x1f ./Static_Code/System/CPU_Init.o
 .debug_macro   0x00010549      0x41e ./Static_Code/System/CPU_Init.o
 .debug_macro   0x00010967       0xb5 ./Static_Code/System/CPU_Init.o
 .debug_macro   0x00010a1c       0x8c ./Static_Code/System/CPU_Init.o
 .debug_macro   0x00010aa8       0x86 ./Static_Code/System/CPU_Init.o
 .debug_macro   0x00010b2e       0x7e ./Static_Code/System/CPU_Init.o
 .debug_macro   0x00010bac       0x97 ./Static_Code/System/CPU_Init.o
 .debug_macro   0x00010c43      0x322 ./Static_Code/System/CPU_Init.o
 .debug_macro   0x00010f65       0x46 ./Static_Code/System/CPU_Init.o
 .debug_macro   0x00010fab       0x1f ./Static_Code/System/CPU_Init.o
 .debug_macro   0x00010fca       0x41 ./Static_Code/System/CPU_Init.o
 .debug_macro   0x0001100b       0x46 ./Static_Code/System/CPU_Init.o
 .debug_macro   0x00011051       0x1f ./Static_Code/System/CPU_Init.o
 .debug_macro   0x00011070       0x41 ./Static_Code/System/CPU_Init.o
 .debug_macro   0x000110b1       0x46 ./Static_Code/System/CPU_Init.o
 .debug_macro   0x000110f7       0x1f ./Static_Code/System/CPU_Init.o
 .debug_macro   0x00011116       0x16 ./Static_Code/System/CPU_Init.o
 .debug_macro   0x0001112c       0x40 ./Static_Code/System/CPU_Init.o
 .debug_macro   0x0001116c       0x40 ./Static_Code/System/CPU_Init.o
 .debug_macro   0x000111ac       0x66 ./Static_Code/System/CPU_Init.o
 .debug_macro   0x00011212       0x1c ./Static_Code/System/CPU_Init.o
 .debug_macro   0x0001122e       0x1c ./Static_Code/System/CPU_Init.o
 .debug_macro   0x0001124a       0x81 ./Static_Code/System/CPU_Init.o
 .debug_macro   0x000112cb       0x58 ./Static_Code/System/CPU_Init.o
 .debug_macro   0x00011323      0x2af ./Static_Code/System/CPU_Init.o
 .debug_macro   0x000115d2       0x96 ./Static_Code/System/Peripherals_Init.o
 .debug_macro   0x00011668      0x536 ./Static_Code/System/Vectors.o
 .debug_macro   0x00011b9e       0x98 ./Static_Code/Peripherals/USB0_Init.o
 .debug_macro   0x00011c36       0x10 ./Static_Code/Peripherals/USB0_Init.o
 .debug_macro   0x00011c46     0xbc9b ./Static_Code/Peripherals/USB0_Init.o
 .debug_macro   0x0001d8e1     0x17ac ./Static_Code/Peripherals/USB0_Init.o
 .debug_macro   0x0001f08d      0x523 ./Sources/ADS1298.o
 .debug_macro   0x0001f5b0       0x3a ./Sources/ADS1298.o
 .debug_macro   0x0001f5ea      0x12c ./Sources/ADS1298.o
 .debug_macro   0x0001f716       0x40 ./Sources/ADS1298.o
 .debug_macro   0x0001f756      0x648 ./Sources/ADS1298.o
 .debug_macro   0x0001fd9e       0x1c ./Sources/ADS1298.o
 .debug_macro   0x0001fdba       0x97 ./Sources/ADS1298.o
 .debug_macro   0x0001fe51       0x10 ./Sources/ADS1298.o
 .debug_macro   0x0001fe61       0xef ./Sources/ADS1298.o
 .debug_macro   0x0001ff50       0x10 ./Sources/ADS1298.o
 .debug_macro   0x0001ff60       0x22 ./Sources/ADS1298.o
 .debug_macro   0x0001ff82       0xbd ./Sources/ADS1298.o
 .debug_macro   0x0002003f       0x16 ./Sources/ADS1298.o
 .debug_macro   0x00020055      0x14a ./Sources/ADS1298.o
 .debug_macro   0x0002019f       0x22 ./Sources/ADS1298.o
 .debug_macro   0x000201c1       0x16 ./Sources/ADS1298.o
 .debug_macro   0x000201d7       0x22 ./Sources/ADS1298.o
 .debug_macro   0x000201f9       0x46 ./Sources/ADS1298.o
 .debug_macro   0x0002023f       0x52 ./Sources/ADS1298.o
 .debug_macro   0x00020291      0x525 ./Sources/Application.o
 .debug_macro   0x000207b6       0x16 ./Sources/Application.o
 .debug_macro   0x000207cc      0x717 ./Sources/Events.o
 .debug_macro   0x00020ee3       0x40 ./Sources/Events.o
 .debug_macro   0x00020f23      0x61c ./Sources/Events.o
 .debug_macro   0x0002153f      0x328 ./Sources/Events.o
 .debug_macro   0x00021867      0x109 ./Sources/Events.o
 .debug_macro   0x00021970      0x17f ./Sources/Events.o
 .debug_macro   0x00021aef      0x202 ./Sources/Events.o
 .debug_macro   0x00021cf1      0x91e ./Sources/Events.o
 .debug_macro   0x0002260f       0x9e ./Sources/Events.o
 .debug_macro   0x000226ad      0x1f9 ./Sources/Events.o
 .debug_macro   0x000228a6      0x39c ./Sources/Events.o
 .debug_macro   0x00022c42      0x6a6 ./Sources/Events.o
 .debug_macro   0x000232e8      0x29c ./Sources/Events.o
 .debug_macro   0x00023584      0x264 ./Sources/Events.o
 .debug_macro   0x000237e8      0x25b ./Sources/Events.o
 .debug_macro   0x00023a43      0x399 ./Sources/Events.o
 .debug_macro   0x00023ddc      0x4f1 ./Sources/Events.o
 .debug_macro   0x000242cd      0x13f ./Sources/Events.o
 .debug_macro   0x0002440c       0x6c ./Sources/Events.o
 .debug_macro   0x00024478      0x30d ./Sources/Events.o
 .debug_macro   0x00024785       0xbb ./Sources/Events.o
 .debug_macro   0x00024840       0xe9 ./Sources/Events.o
 .debug_macro   0x00024929      0x4ea ./Sources/Events.o
 .debug_macro   0x00024e13      0x18f ./Sources/Events.o
 .debug_macro   0x00024fa2       0xea ./Sources/Events.o
 .debug_macro   0x0002508c      0x344 ./Sources/Events.o
 .debug_macro   0x000253d0      0x824 ./Sources/Events.o
 .debug_macro   0x00025bf4      0x179 ./Sources/Events.o
 .debug_macro   0x00025d6d      0x9e2 ./Sources/Events.o
 .debug_macro   0x0002674f      0x129 ./Sources/Events.o
 .debug_macro   0x00026878       0x81 ./Sources/Events.o
 .debug_macro   0x000268f9      0x7bf ./Sources/Events.o
 .debug_macro   0x000270b8      0x66f ./Sources/Events.o
 .debug_macro   0x00027727       0x7b ./Sources/Events.o
 .debug_macro   0x000277a2      0x182 ./Sources/Events.o
 .debug_macro   0x00027924      0x644 ./Sources/main.o
 .debug_macro   0x00027f68      0x519 ./Sources/shell.o
 .debug_macro   0x00028481       0x4a ./Sources/shell.o
 .debug_macro   0x000284cb      0x20f ./Sources/shell.o
 .debug_macro   0x000286da     0x17a6 ./Sources/shell.o
 .debug_macro   0x00029e80       0x40 ./Sources/shell.o
 .debug_macro   0x00029ec0      0x121 ./Project_Settings/Startup_Code/startup.o
 .debug_macro   0x00029fe1      0x516 ./Generated_Code/ADS_SM1.o
 .debug_macro   0x0002a4f7      0x171 ./Generated_Code/BitIoLdd1.o
 .debug_macro   0x0002a668     0x17a0 ./Generated_Code/BitIoLdd1.o
 .debug_macro   0x0002be08      0x171 ./Generated_Code/BitIoLdd2.o
 .debug_macro   0x0002bf79       0x40 ./Generated_Code/BitIoLdd2.o
 .debug_macro   0x0002bfb9      0x171 ./Generated_Code/BitIoLdd3.o
 .debug_macro   0x0002c12a      0x171 ./Generated_Code/BitIoLdd4.o
 .debug_macro   0x0002c29b      0x171 ./Generated_Code/BitIoLdd5.o
 .debug_macro   0x0002c40c      0x171 ./Generated_Code/BitIoLdd6.o
 .debug_macro   0x0002c57d      0x171 ./Generated_Code/BitIoLdd7.o
 .debug_macro   0x0002c6ee      0x135 ./Generated_Code/Blue_LED.o
 .debug_macro   0x0002c823      0x364 ./Generated_Code/CDC1.o
 .debug_macro   0x0002cb87       0x64 ./Generated_Code/CDC1.o
 .debug_macro   0x0002cbeb       0x10 ./Generated_Code/CDC1.o
 .debug_macro   0x0002cbfb       0x10 ./Generated_Code/CDC1.o
 .debug_macro   0x0002cc0b       0x10 ./Generated_Code/CDC1.o
 .debug_macro   0x0002cc1b       0x3a ./Generated_Code/CDC1.o
 .debug_macro   0x0002cc55      0x38c ./Generated_Code/CDC1.o
 .debug_macro   0x0002cfe1       0x8e ./Generated_Code/CDC1.o
 .debug_macro   0x0002d06f      0x300 ./Generated_Code/CDC1.o
 .debug_macro   0x0002d36f       0x22 ./Generated_Code/CDC1.o
 .debug_macro   0x0002d391      0x165 ./Generated_Code/CDC1.o
 .debug_macro   0x0002d4f6      0x1f8 ./Generated_Code/CLS1.o
 .debug_macro   0x0002d6ee       0x8e ./Generated_Code/CLS1.o
 .debug_macro   0x0002d77c       0xfe ./Generated_Code/CS1.o
 .debug_macro   0x0002d87a      0x51e ./Generated_Code/Cpu.o
 .debug_macro   0x0002dd98      0x1ba ./Generated_Code/FRTOS1.o
 .debug_macro   0x0002df52       0x1c ./Generated_Code/FRTOS1.o
 .debug_macro   0x0002df6e      0x135 ./Generated_Code/Green_LED.o
 .debug_macro   0x0002e0a3       0xe6 ./Generated_Code/MCUC1.o
 .debug_macro   0x0002e189      0x46c ./Generated_Code/PE_LDD.o
 .debug_macro   0x0002e5f5      0x12a ./Generated_Code/Rx1.o
 .debug_macro   0x0002e71f      0x190 ./Generated_Code/SMasterLdd1.o
 .debug_macro   0x0002e8af      0x11d ./Generated_Code/TMOUT1.o
 .debug_macro   0x0002e9cc      0x12a ./Generated_Code/Tx1.o
 .debug_macro   0x0002eaf6      0x26a ./Generated_Code/USB1.o
 .debug_macro   0x0002ed60      0x1ce ./Generated_Code/UTIL1.o
 .debug_macro   0x0002ef2e       0xfe ./Generated_Code/WAIT1.o
 .debug_macro   0x0002f02c      0x1af ./Generated_Code/XF1.o
 .debug_macro   0x0002f1db      0x1e7 ./Generated_Code/heap_4.o
 .debug_macro   0x0002f3c2      0x1b4 ./Generated_Code/list.o
 .debug_macro   0x0002f576      0x2b0 ./Generated_Code/port.o
 .debug_macro   0x0002f826      0x31e ./Generated_Code/tasks.o
 .debug_macro   0x0002fb44       0x10 ./Generated_Code/tasks.o
 .debug_macro   0x0002fb54       0x16 ./Generated_Code/tasks.o
 .debug_macro   0x0002fb6a      0x16f ./Generated_Code/usb_cdc.o
 .debug_macro   0x0002fcd9       0x70 ./Generated_Code/usb_cdc.o
 .debug_macro   0x0002fd49     0x1794 ./Generated_Code/usb_cdc.o
 .debug_macro   0x000314dd      0x16f ./Generated_Code/usb_cdc_pstn.o
 .debug_macro   0x0003164c      0x156 ./Generated_Code/usb_class.o
 .debug_macro   0x000317a2      0x306 ./Generated_Code/usb_class.o
 .debug_macro   0x00031aa8       0x9a ./Generated_Code/usb_class.o
 .debug_macro   0x00031b42      0x1c9 ./Generated_Code/usb_dci_kinetis.o
 .debug_macro   0x00031d0b       0x69 ./Generated_Code/usb_dci_kinetis.o
 .debug_macro   0x00031d74      0x16a ./Generated_Code/usb_dci_kinetis.o
 .debug_macro   0x00031ede       0x3a ./Generated_Code/usb_dci_kinetis.o
 .debug_macro   0x00031f18       0x94 ./Generated_Code/usb_dci_kinetis.o
 .debug_macro   0x00031fac      0x14d ./Generated_Code/usb_descriptor.o
 .debug_macro   0x000320f9      0x141 ./Generated_Code/usb_driver.o
 .debug_macro   0x0003223a       0x6f ./Generated_Code/usb_driver.o
 .debug_macro   0x000322a9      0x27c ./Generated_Code/usb_driver.o
 .debug_macro   0x00032525      0x1c8 ./Generated_Code/usb_framework.o
 .debug_macro   0x000326ed      0x105 ./Generated_Code/wdt_kinetis.o

.debug_line     0x00000000    0x12648
 .debug_line    0x00000000      0x9bf ./Static_Code/System/CPU_Init.o
 .debug_line    0x000009bf      0x28f ./Static_Code/System/Peripherals_Init.o
 .debug_line    0x00000c4e      0xf5b ./Static_Code/System/Vectors.o
 .debug_line    0x00001ba9      0x30c ./Static_Code/Peripherals/USB0_Init.o
 .debug_line    0x00001eb5      0x8e5 ./Sources/ADS1298.o
 .debug_line    0x0000279a      0x82d ./Sources/Application.o
 .debug_line    0x00002fc7      0xaf8 ./Sources/Events.o
 .debug_line    0x00003abf      0x9e4 ./Sources/main.o
 .debug_line    0x000044a3      0x8c0 ./Sources/shell.o